Archive member included to satisfy reference by file (symbol)

/home/tyler/altera/16.0/nios2eds/bin/gnu/H-x86_64-pc-linux-gnu/bin/../lib/gcc/nios2-elf/5.2.0/../../../../../H-x86_64-pc-linux-gnu/nios2-elf/lib/libsmallc.a(lib_a-printf.o)
                              obj/default/hello_world.o (printf)
/home/tyler/altera/16.0/nios2eds/bin/gnu/H-x86_64-pc-linux-gnu/bin/../lib/gcc/nios2-elf/5.2.0/../../../../../H-x86_64-pc-linux-gnu/nios2-elf/lib/libsmallc.a(lib_a-putchar.o)
                              obj/default/hello_world.o (putchar)
/home/tyler/altera/16.0/nios2eds/bin/gnu/H-x86_64-pc-linux-gnu/bin/../lib/gcc/nios2-elf/5.2.0/../../../../../H-x86_64-pc-linux-gnu/nios2-elf/lib/libsmallc.a(lib_a-vfprintf.o)
                              /home/tyler/altera/16.0/nios2eds/bin/gnu/H-x86_64-pc-linux-gnu/bin/../lib/gcc/nios2-elf/5.2.0/../../../../../H-x86_64-pc-linux-gnu/nios2-elf/lib/libsmallc.a(lib_a-printf.o) (___vfprintf_internal_r)
/home/tyler/altera/16.0/nios2eds/bin/gnu/H-x86_64-pc-linux-gnu/bin/../lib/gcc/nios2-elf/5.2.0/../../../../../H-x86_64-pc-linux-gnu/nios2-elf/lib/libsmallc.a(lib_a-fvwrite_small_dev.o)
                              /home/tyler/altera/16.0/nios2eds/bin/gnu/H-x86_64-pc-linux-gnu/bin/../lib/gcc/nios2-elf/5.2.0/../../../../../H-x86_64-pc-linux-gnu/nios2-elf/lib/libsmallc.a(lib_a-printf.o) (__sfvwrite_small_dev)
/home/tyler/altera/16.0/nios2eds/bin/gnu/H-x86_64-pc-linux-gnu/bin/../lib/gcc/nios2-elf/5.2.0/../../../../../H-x86_64-pc-linux-gnu/nios2-elf/lib/libsmallc.a(lib_a-impure.o)
                              /home/tyler/altera/16.0/nios2eds/bin/gnu/H-x86_64-pc-linux-gnu/bin/../lib/gcc/nios2-elf/5.2.0/../../../../../H-x86_64-pc-linux-gnu/nios2-elf/lib/libsmallc.a(lib_a-printf.o) (_impure_ptr)
/home/tyler/altera/16.0/nios2eds/bin/gnu/H-x86_64-pc-linux-gnu/bin/../lib/gcc/nios2-elf/5.2.0/../../../../../H-x86_64-pc-linux-gnu/nios2-elf/lib/libsmallc.a(lib_a-putc.o)
                              /home/tyler/altera/16.0/nios2eds/bin/gnu/H-x86_64-pc-linux-gnu/bin/../lib/gcc/nios2-elf/5.2.0/../../../../../H-x86_64-pc-linux-gnu/nios2-elf/lib/libsmallc.a(lib_a-putchar.o) (_putc_r)
/home/tyler/altera/16.0/nios2eds/bin/gnu/H-x86_64-pc-linux-gnu/bin/../lib/gcc/nios2-elf/5.2.0/../../../../../H-x86_64-pc-linux-gnu/nios2-elf/lib/libsmallc.a(lib_a-strlen.o)
                              /home/tyler/altera/16.0/nios2eds/bin/gnu/H-x86_64-pc-linux-gnu/bin/../lib/gcc/nios2-elf/5.2.0/../../../../../H-x86_64-pc-linux-gnu/nios2-elf/lib/libsmallc.a(lib_a-vfprintf.o) (strlen)
/home/tyler/altera/16.0/nios2eds/bin/gnu/H-x86_64-pc-linux-gnu/bin/../lib/gcc/nios2-elf/5.2.0/../../../../../H-x86_64-pc-linux-gnu/nios2-elf/lib/libsmallc.a(lib_a-writer.o)
                              /home/tyler/altera/16.0/nios2eds/bin/gnu/H-x86_64-pc-linux-gnu/bin/../lib/gcc/nios2-elf/5.2.0/../../../../../H-x86_64-pc-linux-gnu/nios2-elf/lib/libsmallc.a(lib_a-fvwrite_small_dev.o) (_write_r)
/home/tyler/altera/16.0/nios2eds/bin/gnu/H-x86_64-pc-linux-gnu/bin/../lib/gcc/nios2-elf/5.2.0/../../../../../H-x86_64-pc-linux-gnu/nios2-elf/lib/libsmallc.a(lib_a-int_errno.o)
                              /home/tyler/altera/16.0/nios2eds/bin/gnu/H-x86_64-pc-linux-gnu/bin/../lib/gcc/nios2-elf/5.2.0/../../../../../H-x86_64-pc-linux-gnu/nios2-elf/lib/libsmallc.a(lib_a-writer.o) (errno)
/home/tyler/altera/16.0/nios2eds/bin/gnu/H-x86_64-pc-linux-gnu/bin/../lib/gcc/nios2-elf/5.2.0/libgcc.a(lib2-divmod.o)
                              /home/tyler/altera/16.0/nios2eds/bin/gnu/H-x86_64-pc-linux-gnu/bin/../lib/gcc/nios2-elf/5.2.0/../../../../../H-x86_64-pc-linux-gnu/nios2-elf/lib/libsmallc.a(lib_a-vfprintf.o) (__udivsi3)
../test1_bsp//libhal_bsp.a(alt_load.o)
                              ../test1_bsp//obj/HAL/src/crt0.o (alt_load)
../test1_bsp//libhal_bsp.a(alt_main.o)
                              ../test1_bsp//obj/HAL/src/crt0.o (alt_main)
../test1_bsp//libhal_bsp.a(alt_usleep.o)
                              obj/default/hello_world.o (usleep)
../test1_bsp//libhal_bsp.a(alt_write.o)
                              /home/tyler/altera/16.0/nios2eds/bin/gnu/H-x86_64-pc-linux-gnu/bin/../lib/gcc/nios2-elf/5.2.0/../../../../../H-x86_64-pc-linux-gnu/nios2-elf/lib/libsmallc.a(lib_a-writer.o) (write)
../test1_bsp//libhal_bsp.a(alt_sys_init.o)
                              ../test1_bsp//libhal_bsp.a(alt_main.o) (alt_irq_init)
../test1_bsp//libhal_bsp.a(altera_avalon_jtag_uart_fd.o)
                              ../test1_bsp//libhal_bsp.a(alt_sys_init.o) (altera_avalon_jtag_uart_read_fd)
../test1_bsp//libhal_bsp.a(altera_avalon_jtag_uart_read.o)
                              ../test1_bsp//libhal_bsp.a(altera_avalon_jtag_uart_fd.o) (altera_avalon_jtag_uart_read)
../test1_bsp//libhal_bsp.a(altera_avalon_jtag_uart_write.o)
                              ../test1_bsp//libhal_bsp.a(altera_avalon_jtag_uart_fd.o) (altera_avalon_jtag_uart_write)
../test1_bsp//libhal_bsp.a(alt_busy_sleep.o)
                              ../test1_bsp//libhal_bsp.a(alt_usleep.o) (alt_busy_sleep)
../test1_bsp//libhal_bsp.a(alt_close.o)
                              ../test1_bsp//libhal_bsp.a(alt_main.o) (close)
../test1_bsp//libhal_bsp.a(alt_dcache_flush_all.o)
                              ../test1_bsp//libhal_bsp.a(alt_load.o) (alt_dcache_flush_all)
../test1_bsp//libhal_bsp.a(alt_dev.o)
                              ../test1_bsp//libhal_bsp.a(alt_sys_init.o) (alt_dev_list)
../test1_bsp//libhal_bsp.a(alt_dev_llist_insert.o)
                              ../test1_bsp//libhal_bsp.a(alt_sys_init.o) (alt_dev_llist_insert)
../test1_bsp//libhal_bsp.a(alt_do_ctors.o)
                              ../test1_bsp//libhal_bsp.a(alt_main.o) (_do_ctors)
../test1_bsp//libhal_bsp.a(alt_do_dtors.o)
                              ../test1_bsp//libhal_bsp.a(alt_main.o) (_do_dtors)
../test1_bsp//libhal_bsp.a(alt_errno.o)
                              ../test1_bsp//libhal_bsp.a(alt_write.o) (alt_errno)
../test1_bsp//libhal_bsp.a(alt_icache_flush_all.o)
                              ../test1_bsp//libhal_bsp.a(alt_load.o) (alt_icache_flush_all)
../test1_bsp//libhal_bsp.a(alt_io_redirect.o)
                              ../test1_bsp//libhal_bsp.a(alt_main.o) (alt_io_redirect)
../test1_bsp//libhal_bsp.a(alt_open.o)
                              ../test1_bsp//libhal_bsp.a(alt_io_redirect.o) (open)
../test1_bsp//libhal_bsp.a(alt_release_fd.o)
                              ../test1_bsp//libhal_bsp.a(alt_close.o) (alt_release_fd)
../test1_bsp//libhal_bsp.a(altera_nios2_gen2_irq.o)
                              ../test1_bsp//libhal_bsp.a(alt_sys_init.o) (altera_nios2_gen2_irq_init)
../test1_bsp//libhal_bsp.a(alt_find_dev.o)
                              ../test1_bsp//libhal_bsp.a(alt_open.o) (alt_find_dev)
../test1_bsp//libhal_bsp.a(alt_find_file.o)
                              ../test1_bsp//libhal_bsp.a(alt_open.o) (alt_find_file)
../test1_bsp//libhal_bsp.a(alt_get_fd.o)
                              ../test1_bsp//libhal_bsp.a(alt_open.o) (alt_get_fd)
../test1_bsp//libhal_bsp.a(alt_icache_flush.o)
                              ../test1_bsp//libhal_bsp.a(alt_icache_flush_all.o) (alt_icache_flush)
/home/tyler/altera/16.0/nios2eds/bin/gnu/H-x86_64-pc-linux-gnu/bin/../lib/gcc/nios2-elf/5.2.0/../../../../../H-x86_64-pc-linux-gnu/nios2-elf/lib/libsmallc.a(lib_a-atexit.o)
                              ../test1_bsp//libhal_bsp.a(alt_main.o) (atexit)
/home/tyler/altera/16.0/nios2eds/bin/gnu/H-x86_64-pc-linux-gnu/bin/../lib/gcc/nios2-elf/5.2.0/../../../../../H-x86_64-pc-linux-gnu/nios2-elf/lib/libsmallc.a(lib_a-exit.o)
                              ../test1_bsp//libhal_bsp.a(alt_main.o) (exit)
/home/tyler/altera/16.0/nios2eds/bin/gnu/H-x86_64-pc-linux-gnu/bin/../lib/gcc/nios2-elf/5.2.0/../../../../../H-x86_64-pc-linux-gnu/nios2-elf/lib/libsmallc.a(lib_a-memcmp.o)
                              ../test1_bsp//libhal_bsp.a(alt_find_dev.o) (memcmp)
/home/tyler/altera/16.0/nios2eds/bin/gnu/H-x86_64-pc-linux-gnu/bin/../lib/gcc/nios2-elf/5.2.0/../../../../../H-x86_64-pc-linux-gnu/nios2-elf/lib/libsmallc.a(lib_a-__atexit.o)
                              /home/tyler/altera/16.0/nios2eds/bin/gnu/H-x86_64-pc-linux-gnu/bin/../lib/gcc/nios2-elf/5.2.0/../../../../../H-x86_64-pc-linux-gnu/nios2-elf/lib/libsmallc.a(lib_a-atexit.o) (__register_exitproc)
/home/tyler/altera/16.0/nios2eds/bin/gnu/H-x86_64-pc-linux-gnu/bin/../lib/gcc/nios2-elf/5.2.0/../../../../../H-x86_64-pc-linux-gnu/nios2-elf/lib/libsmallc.a(lib_a-__call_atexit.o)
                              /home/tyler/altera/16.0/nios2eds/bin/gnu/H-x86_64-pc-linux-gnu/bin/../lib/gcc/nios2-elf/5.2.0/../../../../../H-x86_64-pc-linux-gnu/nios2-elf/lib/libsmallc.a(lib_a-exit.o) (__call_exitprocs)
../test1_bsp//libhal_bsp.a(alt_exit.o)
                              /home/tyler/altera/16.0/nios2eds/bin/gnu/H-x86_64-pc-linux-gnu/bin/../lib/gcc/nios2-elf/5.2.0/../../../../../H-x86_64-pc-linux-gnu/nios2-elf/lib/libsmallc.a(lib_a-exit.o) (_exit)

Allocating common symbols
Common symbol       size              file

errno               0x4               /home/tyler/altera/16.0/nios2eds/bin/gnu/H-x86_64-pc-linux-gnu/bin/../lib/gcc/nios2-elf/5.2.0/../../../../../H-x86_64-pc-linux-gnu/nios2-elf/lib/libsmallc.a(lib_a-int_errno.o)

Memory Configuration

Name             Origin             Length             Attributes
mem_if_ddr3_emif_0 0x0000000000000000 0x0000000010000000
reset            0x0000000010000000 0x0000000000000020
onchip_memory2_0 0x0000000010000020 0x000000000001f3e0
*default*        0x0000000000000000 0xffffffffffffffff

Linker script and memory map

LOAD ../test1_bsp//obj/HAL/src/crt0.o
LOAD obj/default/hello_world.o
LOAD /home/tyler/altera/16.0/nios2eds/bin/gnu/H-x86_64-pc-linux-gnu/bin/../lib/gcc/nios2-elf/5.2.0/../../../../../H-x86_64-pc-linux-gnu/nios2-elf/lib/libstdc++.a
LOAD /home/tyler/altera/16.0/nios2eds/bin/gnu/H-x86_64-pc-linux-gnu/bin/../lib/gcc/nios2-elf/5.2.0/../../../../../H-x86_64-pc-linux-gnu/nios2-elf/lib/libm.a
LOAD /home/tyler/altera/16.0/nios2eds/bin/gnu/H-x86_64-pc-linux-gnu/bin/../lib/gcc/nios2-elf/5.2.0/libgcc.a
START GROUP
LOAD /home/tyler/altera/16.0/nios2eds/bin/gnu/H-x86_64-pc-linux-gnu/bin/../lib/gcc/nios2-elf/5.2.0/../../../../../H-x86_64-pc-linux-gnu/nios2-elf/lib/libsmallc.a
LOAD /home/tyler/altera/16.0/nios2eds/bin/gnu/H-x86_64-pc-linux-gnu/bin/../lib/gcc/nios2-elf/5.2.0/libgcc.a
LOAD ../test1_bsp//libhal_bsp.a
LOAD /home/tyler/altera/16.0/nios2eds/bin/gnu/H-x86_64-pc-linux-gnu/bin/../lib/gcc/nios2-elf/5.2.0/../../../../../H-x86_64-pc-linux-gnu/nios2-elf/lib/libm.a
END GROUP
LOAD /home/tyler/altera/16.0/nios2eds/bin/gnu/H-x86_64-pc-linux-gnu/bin/../lib/gcc/nios2-elf/5.2.0/libgcc.a
                0x0000000000000000                __alt_mem_mem_if_ddr3_emif_0 = 0x0
                0x0000000010000000                __alt_mem_onchip_memory2_0 = 0x10000000

.entry          0x0000000010000000       0x20
 *(.entry)
 .entry         0x0000000010000000       0x20 ../test1_bsp//obj/HAL/src/crt0.o
                0x0000000010000000                __reset

.exceptions     0x0000000010000020        0x0
                0x0000000010000020                PROVIDE (__ram_exceptions_start, ABSOLUTE (.))
                0x0000000010000020                . = ALIGN (0x20)
 *(.irq)
 *(.exceptions.entry.label)
 *(.exceptions.entry.user)
 *(.exceptions.entry.ecc_fatal)
 *(.exceptions.entry)
 *(.exceptions.irqtest.user)
 *(.exceptions.irqtest)
 *(.exceptions.irqhandler.user)
 *(.exceptions.irqhandler)
 *(.exceptions.irqreturn.user)
 *(.exceptions.irqreturn)
 *(.exceptions.notirq.label)
 *(.exceptions.notirq.user)
 *(.exceptions.notirq)
 *(.exceptions.soft.user)
 *(.exceptions.soft)
 *(.exceptions.unknown.user)
 *(.exceptions.unknown)
 *(.exceptions.exit.label)
 *(.exceptions.exit.user)
 *(.exceptions.exit)
 *(.exceptions)
                0x0000000010000020                PROVIDE (__ram_exceptions_end, ABSOLUTE (.))
                0x0000000010000020                PROVIDE (__flash_exceptions_start, LOADADDR (.exceptions))

.text           0x0000000010000020     0x20a4
                [!provide]                        PROVIDE (stext, ABSOLUTE (.))
 *(.interp)
 *(.hash)
 *(.dynsym)
 *(.dynstr)
 *(.gnu.version)
 *(.gnu.version_d)
 *(.gnu.version_r)
 *(.rel.init)
 *(.rela.init)
 *(.rel.text .rel.text.* .rel.gnu.linkonce.t.*)
 *(.rela.text .rela.text.* .rela.gnu.linkonce.t.*)
 *(.rel.fini)
 *(.rela.fini)
 *(.rel.rodata .rel.rodata.* .rel.gnu.linkonce.r.*)
 *(.rela.rodata .rela.rodata.* .rela.gnu.linkonce.r.*)
 *(.rel.data .rel.data.* .rel.gnu.linkonce.d.*)
 *(.rela.data .rela.data.* .rela.gnu.linkonce.d.*)
 *(.rel.tdata .rel.tdata.* .rel.gnu.linkonce.td.*)
 *(.rela.tdata .rela.tdata.* .rela.gnu.linkonce.td.*)
 *(.rel.tbss .rel.tbss.* .rel.gnu.linkonce.tb.*)
 *(.rela.tbss .rela.tbss.* .rela.gnu.linkonce.tb.*)
 *(.rel.ctors)
 *(.rela.ctors)
 *(.rel.dtors)
 *(.rela.dtors)
 *(.rel.got)
 *(.rela.got)
 *(.rel.sdata .rel.sdata.* .rel.gnu.linkonce.s.*)
 *(.rela.sdata .rela.sdata.* .rela.gnu.linkonce.s.*)
 *(.rel.sbss .rel.sbss.* .rel.gnu.linkonce.sb.*)
 *(.rela.sbss .rela.sbss.* .rela.gnu.linkonce.sb.*)
 *(.rel.sdata2 .rel.sdata2.* .rel.gnu.linkonce.s2.*)
 *(.rela.sdata2 .rela.sdata2.* .rela.gnu.linkonce.s2.*)
 *(.rel.sbss2 .rel.sbss2.* .rel.gnu.linkonce.sb2.*)
 *(.rela.sbss2 .rela.sbss2.* .rela.gnu.linkonce.sb2.*)
 *(.rel.bss .rel.bss.* .rel.gnu.linkonce.b.*)
 *(.rela.bss .rela.bss.* .rela.gnu.linkonce.b.*)
 *(.rel.plt)
 *(.rela.plt)
 *(.rel.dyn)
 *(.init)
 *(.plt)
 *(.text .stub .text.* .gnu.linkonce.t.*)
 .text          0x0000000010000020       0x4c ../test1_bsp//obj/HAL/src/crt0.o
                0x0000000010000020                _start
 .text          0x000000001000006c      0x134 obj/default/hello_world.o
                0x000000001000006c                main
 .text          0x00000000100001a0        0x0 /home/tyler/altera/16.0/nios2eds/bin/gnu/H-x86_64-pc-linux-gnu/bin/../lib/gcc/nios2-elf/5.2.0/../../../../../H-x86_64-pc-linux-gnu/nios2-elf/lib/libsmallc.a(lib_a-printf.o)
 .text._printf_r
                0x00000000100001a0       0x3c /home/tyler/altera/16.0/nios2eds/bin/gnu/H-x86_64-pc-linux-gnu/bin/../lib/gcc/nios2-elf/5.2.0/../../../../../H-x86_64-pc-linux-gnu/nios2-elf/lib/libsmallc.a(lib_a-printf.o)
                0x00000000100001a0                _printf_r
 .text.printf   0x00000000100001dc       0x4c /home/tyler/altera/16.0/nios2eds/bin/gnu/H-x86_64-pc-linux-gnu/bin/../lib/gcc/nios2-elf/5.2.0/../../../../../H-x86_64-pc-linux-gnu/nios2-elf/lib/libsmallc.a(lib_a-printf.o)
                0x00000000100001dc                printf
 .text          0x0000000010000228        0x0 /home/tyler/altera/16.0/nios2eds/bin/gnu/H-x86_64-pc-linux-gnu/bin/../lib/gcc/nios2-elf/5.2.0/../../../../../H-x86_64-pc-linux-gnu/nios2-elf/lib/libsmallc.a(lib_a-putchar.o)
 .text._putchar_r
                0x0000000010000228        0x8 /home/tyler/altera/16.0/nios2eds/bin/gnu/H-x86_64-pc-linux-gnu/bin/../lib/gcc/nios2-elf/5.2.0/../../../../../H-x86_64-pc-linux-gnu/nios2-elf/lib/libsmallc.a(lib_a-putchar.o)
                0x0000000010000228                _putchar_r
 .text.putchar  0x0000000010000230       0x1c /home/tyler/altera/16.0/nios2eds/bin/gnu/H-x86_64-pc-linux-gnu/bin/../lib/gcc/nios2-elf/5.2.0/../../../../../H-x86_64-pc-linux-gnu/nios2-elf/lib/libsmallc.a(lib_a-putchar.o)
                0x0000000010000230                putchar
 .text          0x000000001000024c        0x0 /home/tyler/altera/16.0/nios2eds/bin/gnu/H-x86_64-pc-linux-gnu/bin/../lib/gcc/nios2-elf/5.2.0/../../../../../H-x86_64-pc-linux-gnu/nios2-elf/lib/libsmallc.a(lib_a-vfprintf.o)
 .text.print_repeat
                0x000000001000024c       0x6c /home/tyler/altera/16.0/nios2eds/bin/gnu/H-x86_64-pc-linux-gnu/bin/../lib/gcc/nios2-elf/5.2.0/../../../../../H-x86_64-pc-linux-gnu/nios2-elf/lib/libsmallc.a(lib_a-vfprintf.o)
 .text.___vfprintf_internal_r
                0x00000000100002b8      0x524 /home/tyler/altera/16.0/nios2eds/bin/gnu/H-x86_64-pc-linux-gnu/bin/../lib/gcc/nios2-elf/5.2.0/../../../../../H-x86_64-pc-linux-gnu/nios2-elf/lib/libsmallc.a(lib_a-vfprintf.o)
                0x00000000100002b8                ___vfprintf_internal_r
 .text.__vfprintf_internal
                0x00000000100007dc       0x1c /home/tyler/altera/16.0/nios2eds/bin/gnu/H-x86_64-pc-linux-gnu/bin/../lib/gcc/nios2-elf/5.2.0/../../../../../H-x86_64-pc-linux-gnu/nios2-elf/lib/libsmallc.a(lib_a-vfprintf.o)
                0x00000000100007dc                __vfprintf_internal
 .text          0x00000000100007f8        0x0 /home/tyler/altera/16.0/nios2eds/bin/gnu/H-x86_64-pc-linux-gnu/bin/../lib/gcc/nios2-elf/5.2.0/../../../../../H-x86_64-pc-linux-gnu/nios2-elf/lib/libsmallc.a(lib_a-fvwrite_small_dev.o)
 .text.__sfvwrite_small_dev
                0x00000000100007f8       0xb8 /home/tyler/altera/16.0/nios2eds/bin/gnu/H-x86_64-pc-linux-gnu/bin/../lib/gcc/nios2-elf/5.2.0/../../../../../H-x86_64-pc-linux-gnu/nios2-elf/lib/libsmallc.a(lib_a-fvwrite_small_dev.o)
                0x00000000100007f8                __sfvwrite_small_dev
 .text          0x00000000100008b0        0x0 /home/tyler/altera/16.0/nios2eds/bin/gnu/H-x86_64-pc-linux-gnu/bin/../lib/gcc/nios2-elf/5.2.0/../../../../../H-x86_64-pc-linux-gnu/nios2-elf/lib/libsmallc.a(lib_a-impure.o)
 .text          0x00000000100008b0        0x0 /home/tyler/altera/16.0/nios2eds/bin/gnu/H-x86_64-pc-linux-gnu/bin/../lib/gcc/nios2-elf/5.2.0/../../../../../H-x86_64-pc-linux-gnu/nios2-elf/lib/libsmallc.a(lib_a-putc.o)
 .text.putc     0x00000000100008b0       0x54 /home/tyler/altera/16.0/nios2eds/bin/gnu/H-x86_64-pc-linux-gnu/bin/../lib/gcc/nios2-elf/5.2.0/../../../../../H-x86_64-pc-linux-gnu/nios2-elf/lib/libsmallc.a(lib_a-putc.o)
                0x00000000100008b0                putc
 .text._putc_r  0x0000000010000904       0x58 /home/tyler/altera/16.0/nios2eds/bin/gnu/H-x86_64-pc-linux-gnu/bin/../lib/gcc/nios2-elf/5.2.0/../../../../../H-x86_64-pc-linux-gnu/nios2-elf/lib/libsmallc.a(lib_a-putc.o)
                0x0000000010000904                _putc_r
 .text          0x000000001000095c        0x0 /home/tyler/altera/16.0/nios2eds/bin/gnu/H-x86_64-pc-linux-gnu/bin/../lib/gcc/nios2-elf/5.2.0/../../../../../H-x86_64-pc-linux-gnu/nios2-elf/lib/libsmallc.a(lib_a-strlen.o)
 .text.strlen   0x000000001000095c       0x1c /home/tyler/altera/16.0/nios2eds/bin/gnu/H-x86_64-pc-linux-gnu/bin/../lib/gcc/nios2-elf/5.2.0/../../../../../H-x86_64-pc-linux-gnu/nios2-elf/lib/libsmallc.a(lib_a-strlen.o)
                0x000000001000095c                strlen
 .text          0x0000000010000978        0x0 /home/tyler/altera/16.0/nios2eds/bin/gnu/H-x86_64-pc-linux-gnu/bin/../lib/gcc/nios2-elf/5.2.0/../../../../../H-x86_64-pc-linux-gnu/nios2-elf/lib/libsmallc.a(lib_a-writer.o)
 .text._write_r
                0x0000000010000978       0x58 /home/tyler/altera/16.0/nios2eds/bin/gnu/H-x86_64-pc-linux-gnu/bin/../lib/gcc/nios2-elf/5.2.0/../../../../../H-x86_64-pc-linux-gnu/nios2-elf/lib/libsmallc.a(lib_a-writer.o)
                0x0000000010000978                _write_r
 .text          0x00000000100009d0        0x0 /home/tyler/altera/16.0/nios2eds/bin/gnu/H-x86_64-pc-linux-gnu/bin/../lib/gcc/nios2-elf/5.2.0/../../../../../H-x86_64-pc-linux-gnu/nios2-elf/lib/libsmallc.a(lib_a-int_errno.o)
 .text          0x00000000100009d0      0x1b4 /home/tyler/altera/16.0/nios2eds/bin/gnu/H-x86_64-pc-linux-gnu/bin/../lib/gcc/nios2-elf/5.2.0/libgcc.a(lib2-divmod.o)
                0x00000000100009d0                __divsi3
                0x0000000010000a54                __modsi3
                0x0000000010000ac8                __udivsi3
                0x0000000010000b2c                __umodsi3
 .text          0x0000000010000b84       0xec ../test1_bsp//libhal_bsp.a(alt_load.o)
                0x0000000010000bec                alt_load
 .text          0x0000000010000c70       0x7c ../test1_bsp//libhal_bsp.a(alt_main.o)
                0x0000000010000c70                alt_main
 .text          0x0000000010000cec       0x30 ../test1_bsp//libhal_bsp.a(alt_usleep.o)
                0x0000000010000cec                usleep
 .text          0x0000000010000d1c      0x148 ../test1_bsp//libhal_bsp.a(alt_write.o)
                0x0000000010000d6c                write
 .text          0x0000000010000e64       0xa8 ../test1_bsp//libhal_bsp.a(alt_sys_init.o)
                0x0000000010000e9c                alt_irq_init
                0x0000000010000ed4                alt_sys_init
 .text          0x0000000010000f0c       0xc0 ../test1_bsp//libhal_bsp.a(altera_avalon_jtag_uart_fd.o)
                0x0000000010000f0c                altera_avalon_jtag_uart_read_fd
                0x0000000010000f6c                altera_avalon_jtag_uart_write_fd
 .text          0x0000000010000fcc       0xec ../test1_bsp//libhal_bsp.a(altera_avalon_jtag_uart_read.o)
                0x0000000010000fcc                altera_avalon_jtag_uart_read
 .text          0x00000000100010b8       0x94 ../test1_bsp//libhal_bsp.a(altera_avalon_jtag_uart_write.o)
                0x00000000100010b8                altera_avalon_jtag_uart_write
 .text          0x000000001000114c      0x158 ../test1_bsp//libhal_bsp.a(alt_busy_sleep.o)
                0x000000001000114c                alt_busy_sleep
 .text          0x00000000100012a4      0x120 ../test1_bsp//libhal_bsp.a(alt_close.o)
                0x00000000100012f4                close
 .text          0x00000000100013c4       0x48 ../test1_bsp//libhal_bsp.a(alt_dcache_flush_all.o)
                0x00000000100013c4                alt_dcache_flush_all
 .text          0x000000001000140c       0x2c ../test1_bsp//libhal_bsp.a(alt_dev.o)
 .text          0x0000000010001438       0xf4 ../test1_bsp//libhal_bsp.a(alt_dev_llist_insert.o)
                0x0000000010001488                alt_dev_llist_insert
 .text          0x000000001000152c       0x60 ../test1_bsp//libhal_bsp.a(alt_do_ctors.o)
                0x000000001000152c                _do_ctors
 .text          0x000000001000158c       0x60 ../test1_bsp//libhal_bsp.a(alt_do_dtors.o)
                0x000000001000158c                _do_dtors
 .text          0x00000000100015ec        0x0 ../test1_bsp//libhal_bsp.a(alt_errno.o)
 .text          0x00000000100015ec       0x34 ../test1_bsp//libhal_bsp.a(alt_icache_flush_all.o)
                0x00000000100015ec                alt_icache_flush_all
 .text          0x0000000010001620      0x140 ../test1_bsp//libhal_bsp.a(alt_io_redirect.o)
                0x00000000100016e4                alt_io_redirect
 .text          0x0000000010001760      0x274 ../test1_bsp//libhal_bsp.a(alt_open.o)
                0x000000001000187c                open
 .text          0x00000000100019d4       0x64 ../test1_bsp//libhal_bsp.a(alt_release_fd.o)
                0x00000000100019d4                alt_release_fd
 .text          0x0000000010001a38       0x24 ../test1_bsp//libhal_bsp.a(altera_nios2_gen2_irq.o)
                0x0000000010001a38                altera_nios2_gen2_irq_init
 .text          0x0000000010001a5c       0x90 ../test1_bsp//libhal_bsp.a(alt_find_dev.o)
                0x0000000010001a5c                alt_find_dev
 .text          0x0000000010001aec      0x114 ../test1_bsp//libhal_bsp.a(alt_find_file.o)
                0x0000000010001aec                alt_find_file
 .text          0x0000000010001c00       0xb4 ../test1_bsp//libhal_bsp.a(alt_get_fd.o)
                0x0000000010001c00                alt_get_fd
 .text          0x0000000010001cb4       0x90 ../test1_bsp//libhal_bsp.a(alt_icache_flush.o)
                0x0000000010001cb4                alt_icache_flush
 .text          0x0000000010001d44        0x0 /home/tyler/altera/16.0/nios2eds/bin/gnu/H-x86_64-pc-linux-gnu/bin/../lib/gcc/nios2-elf/5.2.0/../../../../../H-x86_64-pc-linux-gnu/nios2-elf/lib/libsmallc.a(lib_a-atexit.o)
 .text.atexit   0x0000000010001d44       0x14 /home/tyler/altera/16.0/nios2eds/bin/gnu/H-x86_64-pc-linux-gnu/bin/../lib/gcc/nios2-elf/5.2.0/../../../../../H-x86_64-pc-linux-gnu/nios2-elf/lib/libsmallc.a(lib_a-atexit.o)
                0x0000000010001d44                atexit
 .text          0x0000000010001d58        0x0 /home/tyler/altera/16.0/nios2eds/bin/gnu/H-x86_64-pc-linux-gnu/bin/../lib/gcc/nios2-elf/5.2.0/../../../../../H-x86_64-pc-linux-gnu/nios2-elf/lib/libsmallc.a(lib_a-exit.o)
 .text.exit     0x0000000010001d58       0x20 /home/tyler/altera/16.0/nios2eds/bin/gnu/H-x86_64-pc-linux-gnu/bin/../lib/gcc/nios2-elf/5.2.0/../../../../../H-x86_64-pc-linux-gnu/nios2-elf/lib/libsmallc.a(lib_a-exit.o)
                0x0000000010001d58                exit
 .text          0x0000000010001d78        0x0 /home/tyler/altera/16.0/nios2eds/bin/gnu/H-x86_64-pc-linux-gnu/bin/../lib/gcc/nios2-elf/5.2.0/../../../../../H-x86_64-pc-linux-gnu/nios2-elf/lib/libsmallc.a(lib_a-memcmp.o)
 .text.memcmp   0x0000000010001d78       0x30 /home/tyler/altera/16.0/nios2eds/bin/gnu/H-x86_64-pc-linux-gnu/bin/../lib/gcc/nios2-elf/5.2.0/../../../../../H-x86_64-pc-linux-gnu/nios2-elf/lib/libsmallc.a(lib_a-memcmp.o)
                0x0000000010001d78                memcmp
 .text          0x0000000010001da8        0x0 /home/tyler/altera/16.0/nios2eds/bin/gnu/H-x86_64-pc-linux-gnu/bin/../lib/gcc/nios2-elf/5.2.0/../../../../../H-x86_64-pc-linux-gnu/nios2-elf/lib/libsmallc.a(lib_a-__atexit.o)
 .text.__register_exitproc
                0x0000000010001da8      0x158 /home/tyler/altera/16.0/nios2eds/bin/gnu/H-x86_64-pc-linux-gnu/bin/../lib/gcc/nios2-elf/5.2.0/../../../../../H-x86_64-pc-linux-gnu/nios2-elf/lib/libsmallc.a(lib_a-__atexit.o)
                0x0000000010001da8                __register_exitproc
 .text          0x0000000010001f00        0x0 /home/tyler/altera/16.0/nios2eds/bin/gnu/H-x86_64-pc-linux-gnu/bin/../lib/gcc/nios2-elf/5.2.0/../../../../../H-x86_64-pc-linux-gnu/nios2-elf/lib/libsmallc.a(lib_a-__call_atexit.o)
 .text.__call_exitprocs
                0x0000000010001f00      0x190 /home/tyler/altera/16.0/nios2eds/bin/gnu/H-x86_64-pc-linux-gnu/bin/../lib/gcc/nios2-elf/5.2.0/../../../../../H-x86_64-pc-linux-gnu/nios2-elf/lib/libsmallc.a(lib_a-__call_atexit.o)
                0x0000000010001f00                __call_exitprocs
 .text          0x0000000010002090       0x34 ../test1_bsp//libhal_bsp.a(alt_exit.o)
                0x0000000010002090                _exit
 *(.gnu.warning.*)
 *(.fini)
                [!provide]                        PROVIDE (__etext, ABSOLUTE (.))
                [!provide]                        PROVIDE (_etext, ABSOLUTE (.))
                [!provide]                        PROVIDE (etext, ABSOLUTE (.))
 *(.eh_frame_hdr)
                0x00000000100020c4                . = ALIGN (0x4)
                [!provide]                        PROVIDE (__preinit_array_start, ABSOLUTE (.))
 *(.preinit_array)
                [!provide]                        PROVIDE (__preinit_array_end, ABSOLUTE (.))
                [!provide]                        PROVIDE (__init_array_start, ABSOLUTE (.))
 *(.init_array)
                [!provide]                        PROVIDE (__init_array_end, ABSOLUTE (.))
                [!provide]                        PROVIDE (__fini_array_start, ABSOLUTE (.))
 *(.fini_array)
                [!provide]                        PROVIDE (__fini_array_end, ABSOLUTE (.))
 *(.eh_frame)
 *(.gcc_except_table .gcc_except_table.*)
 *(.dynamic)
                0x00000000100020c4                PROVIDE (__CTOR_LIST__, ABSOLUTE (.))
 *(.ctors)
 *(SORT(.ctors.*))
                0x00000000100020c4                PROVIDE (__CTOR_END__, ABSOLUTE (.))
                0x00000000100020c4                PROVIDE (__DTOR_LIST__, ABSOLUTE (.))
 *(.dtors)
 *(SORT(.dtors.*))
                0x00000000100020c4                PROVIDE (__DTOR_END__, ABSOLUTE (.))
 *(.jcr)
                0x00000000100020c4                . = ALIGN (0x4)

.rodata         0x00000000100020c4       0xac
                0x00000000100020c4                PROVIDE (__ram_rodata_start, ABSOLUTE (.))
                0x00000000100020c4                . = ALIGN (0x4)
 *(.rodata .rodata.* .gnu.linkonce.r.*)
 .rodata        0x00000000100020c4       0x76 obj/default/hello_world.o
 *fill*         0x000000001000213a        0x2 
 .rodata        0x000000001000213c       0x11 ../test1_bsp//libhal_bsp.a(alt_main.o)
 *fill*         0x000000001000214d        0x3 
 .rodata        0x0000000010002150       0x11 ../test1_bsp//libhal_bsp.a(alt_sys_init.o)
 *fill*         0x0000000010002161        0x3 
 .rodata        0x0000000010002164        0xa ../test1_bsp//libhal_bsp.a(alt_dev.o)
 *(.rodata1)
                0x0000000010002170                . = ALIGN (0x4)
 *fill*         0x000000001000216e        0x2 
                0x0000000010002170                PROVIDE (__ram_rodata_end, ABSOLUTE (.))
                0x00000000100020c4                PROVIDE (__flash_rodata_start, LOADADDR (.rodata))

.rwdata         0x0000000010002170      0x2d4 load address 0x0000000010002444
                0x0000000010002170                PROVIDE (__ram_rwdata_start, ABSOLUTE (.))
                0x0000000010002170                . = ALIGN (0x4)
 *(.got.plt)
 *(.got)
 *(.data1)
 *(.data .data.* .gnu.linkonce.d.*)
 .data          0x0000000010002170        0x0 ../test1_bsp//obj/HAL/src/crt0.o
 .data          0x0000000010002170        0x0 obj/default/hello_world.o
 .data          0x0000000010002170        0x0 /home/tyler/altera/16.0/nios2eds/bin/gnu/H-x86_64-pc-linux-gnu/bin/../lib/gcc/nios2-elf/5.2.0/../../../../../H-x86_64-pc-linux-gnu/nios2-elf/lib/libsmallc.a(lib_a-printf.o)
 .data          0x0000000010002170        0x0 /home/tyler/altera/16.0/nios2eds/bin/gnu/H-x86_64-pc-linux-gnu/bin/../lib/gcc/nios2-elf/5.2.0/../../../../../H-x86_64-pc-linux-gnu/nios2-elf/lib/libsmallc.a(lib_a-putchar.o)
 .data          0x0000000010002170        0x0 /home/tyler/altera/16.0/nios2eds/bin/gnu/H-x86_64-pc-linux-gnu/bin/../lib/gcc/nios2-elf/5.2.0/../../../../../H-x86_64-pc-linux-gnu/nios2-elf/lib/libsmallc.a(lib_a-vfprintf.o)
 .data          0x0000000010002170        0x0 /home/tyler/altera/16.0/nios2eds/bin/gnu/H-x86_64-pc-linux-gnu/bin/../lib/gcc/nios2-elf/5.2.0/../../../../../H-x86_64-pc-linux-gnu/nios2-elf/lib/libsmallc.a(lib_a-fvwrite_small_dev.o)
 .data          0x0000000010002170        0x0 /home/tyler/altera/16.0/nios2eds/bin/gnu/H-x86_64-pc-linux-gnu/bin/../lib/gcc/nios2-elf/5.2.0/../../../../../H-x86_64-pc-linux-gnu/nios2-elf/lib/libsmallc.a(lib_a-impure.o)
 .data.impure_data
                0x0000000010002170       0xe0 /home/tyler/altera/16.0/nios2eds/bin/gnu/H-x86_64-pc-linux-gnu/bin/../lib/gcc/nios2-elf/5.2.0/../../../../../H-x86_64-pc-linux-gnu/nios2-elf/lib/libsmallc.a(lib_a-impure.o)
 .data          0x0000000010002250        0x0 /home/tyler/altera/16.0/nios2eds/bin/gnu/H-x86_64-pc-linux-gnu/bin/../lib/gcc/nios2-elf/5.2.0/../../../../../H-x86_64-pc-linux-gnu/nios2-elf/lib/libsmallc.a(lib_a-putc.o)
 .data          0x0000000010002250        0x0 /home/tyler/altera/16.0/nios2eds/bin/gnu/H-x86_64-pc-linux-gnu/bin/../lib/gcc/nios2-elf/5.2.0/../../../../../H-x86_64-pc-linux-gnu/nios2-elf/lib/libsmallc.a(lib_a-strlen.o)
 .data          0x0000000010002250        0x0 /home/tyler/altera/16.0/nios2eds/bin/gnu/H-x86_64-pc-linux-gnu/bin/../lib/gcc/nios2-elf/5.2.0/../../../../../H-x86_64-pc-linux-gnu/nios2-elf/lib/libsmallc.a(lib_a-writer.o)
 .data          0x0000000010002250        0x0 /home/tyler/altera/16.0/nios2eds/bin/gnu/H-x86_64-pc-linux-gnu/bin/../lib/gcc/nios2-elf/5.2.0/../../../../../H-x86_64-pc-linux-gnu/nios2-elf/lib/libsmallc.a(lib_a-int_errno.o)
 .data          0x0000000010002250        0x0 /home/tyler/altera/16.0/nios2eds/bin/gnu/H-x86_64-pc-linux-gnu/bin/../lib/gcc/nios2-elf/5.2.0/libgcc.a(lib2-divmod.o)
 .data          0x0000000010002250        0x0 ../test1_bsp//libhal_bsp.a(alt_load.o)
 .data          0x0000000010002250        0x0 ../test1_bsp//libhal_bsp.a(alt_main.o)
 .data          0x0000000010002250        0x0 ../test1_bsp//libhal_bsp.a(alt_usleep.o)
 .data          0x0000000010002250        0x0 ../test1_bsp//libhal_bsp.a(alt_write.o)
 .data          0x0000000010002250       0x2c ../test1_bsp//libhal_bsp.a(alt_sys_init.o)
 .data          0x000000001000227c        0x0 ../test1_bsp//libhal_bsp.a(altera_avalon_jtag_uart_fd.o)
 .data          0x000000001000227c        0x0 ../test1_bsp//libhal_bsp.a(altera_avalon_jtag_uart_read.o)
 .data          0x000000001000227c        0x0 ../test1_bsp//libhal_bsp.a(altera_avalon_jtag_uart_write.o)
 .data          0x000000001000227c        0x0 ../test1_bsp//libhal_bsp.a(alt_busy_sleep.o)
 .data          0x000000001000227c        0x0 ../test1_bsp//libhal_bsp.a(alt_close.o)
 .data          0x000000001000227c        0x0 ../test1_bsp//libhal_bsp.a(alt_dcache_flush_all.o)
 .data          0x000000001000227c      0x1a8 ../test1_bsp//libhal_bsp.a(alt_dev.o)
                0x000000001000227c                alt_dev_null
                0x00000000100022a4                alt_fd_list
 .data          0x0000000010002424        0x0 ../test1_bsp//libhal_bsp.a(alt_dev_llist_insert.o)
 .data          0x0000000010002424        0x0 ../test1_bsp//libhal_bsp.a(alt_do_ctors.o)
 .data          0x0000000010002424        0x0 ../test1_bsp//libhal_bsp.a(alt_do_dtors.o)
 .data          0x0000000010002424        0x0 ../test1_bsp//libhal_bsp.a(alt_errno.o)
 .data          0x0000000010002424        0x0 ../test1_bsp//libhal_bsp.a(alt_icache_flush_all.o)
 .data          0x0000000010002424        0x0 ../test1_bsp//libhal_bsp.a(alt_io_redirect.o)
 .data          0x0000000010002424        0x0 ../test1_bsp//libhal_bsp.a(alt_open.o)
 .data          0x0000000010002424        0x0 ../test1_bsp//libhal_bsp.a(alt_release_fd.o)
 .data          0x0000000010002424        0x0 ../test1_bsp//libhal_bsp.a(altera_nios2_gen2_irq.o)
 .data          0x0000000010002424        0x0 ../test1_bsp//libhal_bsp.a(alt_find_dev.o)
 .data          0x0000000010002424        0x0 ../test1_bsp//libhal_bsp.a(alt_find_file.o)
 .data          0x0000000010002424        0x0 ../test1_bsp//libhal_bsp.a(alt_get_fd.o)
 .data          0x0000000010002424        0x0 ../test1_bsp//libhal_bsp.a(alt_icache_flush.o)
 .data          0x0000000010002424        0x0 /home/tyler/altera/16.0/nios2eds/bin/gnu/H-x86_64-pc-linux-gnu/bin/../lib/gcc/nios2-elf/5.2.0/../../../../../H-x86_64-pc-linux-gnu/nios2-elf/lib/libsmallc.a(lib_a-atexit.o)
 .data          0x0000000010002424        0x0 /home/tyler/altera/16.0/nios2eds/bin/gnu/H-x86_64-pc-linux-gnu/bin/../lib/gcc/nios2-elf/5.2.0/../../../../../H-x86_64-pc-linux-gnu/nios2-elf/lib/libsmallc.a(lib_a-exit.o)
 .data          0x0000000010002424        0x0 /home/tyler/altera/16.0/nios2eds/bin/gnu/H-x86_64-pc-linux-gnu/bin/../lib/gcc/nios2-elf/5.2.0/../../../../../H-x86_64-pc-linux-gnu/nios2-elf/lib/libsmallc.a(lib_a-memcmp.o)
 .data          0x0000000010002424        0x0 /home/tyler/altera/16.0/nios2eds/bin/gnu/H-x86_64-pc-linux-gnu/bin/../lib/gcc/nios2-elf/5.2.0/../../../../../H-x86_64-pc-linux-gnu/nios2-elf/lib/libsmallc.a(lib_a-__atexit.o)
 .data          0x0000000010002424        0x0 /home/tyler/altera/16.0/nios2eds/bin/gnu/H-x86_64-pc-linux-gnu/bin/../lib/gcc/nios2-elf/5.2.0/../../../../../H-x86_64-pc-linux-gnu/nios2-elf/lib/libsmallc.a(lib_a-__call_atexit.o)
 .data          0x0000000010002424        0x0 ../test1_bsp//libhal_bsp.a(alt_exit.o)
                0x000000001000a424                _gp = ABSOLUTE ((. + 0x8000))
                [!provide]                        PROVIDE (gp, _gp)
 *(.rwdata .rwdata.*)
 *(.sdata .sdata.* .gnu.linkonce.s.*)
 .sdata._global_impure_ptr
                0x0000000010002424        0x4 /home/tyler/altera/16.0/nios2eds/bin/gnu/H-x86_64-pc-linux-gnu/bin/../lib/gcc/nios2-elf/5.2.0/../../../../../H-x86_64-pc-linux-gnu/nios2-elf/lib/libsmallc.a(lib_a-impure.o)
                0x0000000010002424                _global_impure_ptr
 .sdata._impure_ptr
                0x0000000010002428        0x4 /home/tyler/altera/16.0/nios2eds/bin/gnu/H-x86_64-pc-linux-gnu/bin/../lib/gcc/nios2-elf/5.2.0/../../../../../H-x86_64-pc-linux-gnu/nios2-elf/lib/libsmallc.a(lib_a-impure.o)
                0x0000000010002428                _impure_ptr
 .sdata         0x000000001000242c       0x14 ../test1_bsp//libhal_bsp.a(alt_dev.o)
                0x000000001000242c                alt_fs_list
                0x0000000010002434                alt_dev_list
                0x000000001000243c                alt_max_fd
 .sdata         0x0000000010002440        0x4 ../test1_bsp//libhal_bsp.a(alt_errno.o)
                0x0000000010002440                alt_errno
 *(.sdata2 .sdata2.* .gnu.linkonce.s2.*)
                0x0000000010002444                . = ALIGN (0x4)
                0x0000000010002444                _edata = ABSOLUTE (.)
                [!provide]                        PROVIDE (edata, ABSOLUTE (.))
                0x0000000010002444                PROVIDE (__ram_rwdata_end, ABSOLUTE (.))
                0x0000000010002444                PROVIDE (__flash_rwdata_start, LOADADDR (.rwdata))

.bss            0x0000000010002718       0x10
                0x0000000010002718                __bss_start = ABSOLUTE (.)
                [!provide]                        PROVIDE (__sbss_start, ABSOLUTE (.))
                [!provide]                        PROVIDE (___sbss_start, ABSOLUTE (.))
 *(.dynsbss)
 *(.sbss .sbss.* .gnu.linkonce.sb.*)
 .sbss          0x0000000010002718        0x4 /home/tyler/altera/16.0/nios2eds/bin/gnu/H-x86_64-pc-linux-gnu/bin/../lib/gcc/nios2-elf/5.2.0/../../../../../H-x86_64-pc-linux-gnu/nios2-elf/lib/libsmallc.a(lib_a-int_errno.o)
                0x0000000010002718                errno
 .sbss          0x000000001000271c        0xc ../test1_bsp//libhal_bsp.a(alt_main.o)
                0x000000001000271c                alt_argc
                0x0000000010002720                alt_argv
                0x0000000010002724                alt_envp
 *(.sbss2 .sbss2.* .gnu.linkonce.sb2.*)
 *(.scommon)
                [!provide]                        PROVIDE (__sbss_end, ABSOLUTE (.))
                [!provide]                        PROVIDE (___sbss_end, ABSOLUTE (.))
 *(.dynbss)
 *(.bss .bss.* .gnu.linkonce.b.*)
 .bss           0x0000000010002728        0x0 ../test1_bsp//obj/HAL/src/crt0.o
 .bss           0x0000000010002728        0x0 obj/default/hello_world.o
 .bss           0x0000000010002728        0x0 /home/tyler/altera/16.0/nios2eds/bin/gnu/H-x86_64-pc-linux-gnu/bin/../lib/gcc/nios2-elf/5.2.0/../../../../../H-x86_64-pc-linux-gnu/nios2-elf/lib/libsmallc.a(lib_a-printf.o)
 .bss           0x0000000010002728        0x0 /home/tyler/altera/16.0/nios2eds/bin/gnu/H-x86_64-pc-linux-gnu/bin/../lib/gcc/nios2-elf/5.2.0/../../../../../H-x86_64-pc-linux-gnu/nios2-elf/lib/libsmallc.a(lib_a-putchar.o)
 .bss           0x0000000010002728        0x0 /home/tyler/altera/16.0/nios2eds/bin/gnu/H-x86_64-pc-linux-gnu/bin/../lib/gcc/nios2-elf/5.2.0/../../../../../H-x86_64-pc-linux-gnu/nios2-elf/lib/libsmallc.a(lib_a-vfprintf.o)
 .bss           0x0000000010002728        0x0 /home/tyler/altera/16.0/nios2eds/bin/gnu/H-x86_64-pc-linux-gnu/bin/../lib/gcc/nios2-elf/5.2.0/../../../../../H-x86_64-pc-linux-gnu/nios2-elf/lib/libsmallc.a(lib_a-fvwrite_small_dev.o)
 .bss           0x0000000010002728        0x0 /home/tyler/altera/16.0/nios2eds/bin/gnu/H-x86_64-pc-linux-gnu/bin/../lib/gcc/nios2-elf/5.2.0/../../../../../H-x86_64-pc-linux-gnu/nios2-elf/lib/libsmallc.a(lib_a-impure.o)
 .bss           0x0000000010002728        0x0 /home/tyler/altera/16.0/nios2eds/bin/gnu/H-x86_64-pc-linux-gnu/bin/../lib/gcc/nios2-elf/5.2.0/../../../../../H-x86_64-pc-linux-gnu/nios2-elf/lib/libsmallc.a(lib_a-putc.o)
 .bss           0x0000000010002728        0x0 /home/tyler/altera/16.0/nios2eds/bin/gnu/H-x86_64-pc-linux-gnu/bin/../lib/gcc/nios2-elf/5.2.0/../../../../../H-x86_64-pc-linux-gnu/nios2-elf/lib/libsmallc.a(lib_a-strlen.o)
 .bss           0x0000000010002728        0x0 /home/tyler/altera/16.0/nios2eds/bin/gnu/H-x86_64-pc-linux-gnu/bin/../lib/gcc/nios2-elf/5.2.0/../../../../../H-x86_64-pc-linux-gnu/nios2-elf/lib/libsmallc.a(lib_a-writer.o)
 .bss           0x0000000010002728        0x0 /home/tyler/altera/16.0/nios2eds/bin/gnu/H-x86_64-pc-linux-gnu/bin/../lib/gcc/nios2-elf/5.2.0/../../../../../H-x86_64-pc-linux-gnu/nios2-elf/lib/libsmallc.a(lib_a-int_errno.o)
 .bss           0x0000000010002728        0x0 /home/tyler/altera/16.0/nios2eds/bin/gnu/H-x86_64-pc-linux-gnu/bin/../lib/gcc/nios2-elf/5.2.0/libgcc.a(lib2-divmod.o)
 .bss           0x0000000010002728        0x0 ../test1_bsp//libhal_bsp.a(alt_load.o)
 .bss           0x0000000010002728        0x0 ../test1_bsp//libhal_bsp.a(alt_main.o)
 .bss           0x0000000010002728        0x0 ../test1_bsp//libhal_bsp.a(alt_usleep.o)
 .bss           0x0000000010002728        0x0 ../test1_bsp//libhal_bsp.a(alt_write.o)
 .bss           0x0000000010002728        0x0 ../test1_bsp//libhal_bsp.a(alt_sys_init.o)
 .bss           0x0000000010002728        0x0 ../test1_bsp//libhal_bsp.a(altera_avalon_jtag_uart_fd.o)
 .bss           0x0000000010002728        0x0 ../test1_bsp//libhal_bsp.a(altera_avalon_jtag_uart_read.o)
 .bss           0x0000000010002728        0x0 ../test1_bsp//libhal_bsp.a(altera_avalon_jtag_uart_write.o)
 .bss           0x0000000010002728        0x0 ../test1_bsp//libhal_bsp.a(alt_busy_sleep.o)
 .bss           0x0000000010002728        0x0 ../test1_bsp//libhal_bsp.a(alt_close.o)
 .bss           0x0000000010002728        0x0 ../test1_bsp//libhal_bsp.a(alt_dcache_flush_all.o)
 .bss           0x0000000010002728        0x0 ../test1_bsp//libhal_bsp.a(alt_dev.o)
 .bss           0x0000000010002728        0x0 ../test1_bsp//libhal_bsp.a(alt_dev_llist_insert.o)
 .bss           0x0000000010002728        0x0 ../test1_bsp//libhal_bsp.a(alt_do_ctors.o)
 .bss           0x0000000010002728        0x0 ../test1_bsp//libhal_bsp.a(alt_do_dtors.o)
 .bss           0x0000000010002728        0x0 ../test1_bsp//libhal_bsp.a(alt_errno.o)
 .bss           0x0000000010002728        0x0 ../test1_bsp//libhal_bsp.a(alt_icache_flush_all.o)
 .bss           0x0000000010002728        0x0 ../test1_bsp//libhal_bsp.a(alt_io_redirect.o)
 .bss           0x0000000010002728        0x0 ../test1_bsp//libhal_bsp.a(alt_open.o)
 .bss           0x0000000010002728        0x0 ../test1_bsp//libhal_bsp.a(alt_release_fd.o)
 .bss           0x0000000010002728        0x0 ../test1_bsp//libhal_bsp.a(altera_nios2_gen2_irq.o)
 .bss           0x0000000010002728        0x0 ../test1_bsp//libhal_bsp.a(alt_find_dev.o)
 .bss           0x0000000010002728        0x0 ../test1_bsp//libhal_bsp.a(alt_find_file.o)
 .bss           0x0000000010002728        0x0 ../test1_bsp//libhal_bsp.a(alt_get_fd.o)
 .bss           0x0000000010002728        0x0 ../test1_bsp//libhal_bsp.a(alt_icache_flush.o)
 .bss           0x0000000010002728        0x0 /home/tyler/altera/16.0/nios2eds/bin/gnu/H-x86_64-pc-linux-gnu/bin/../lib/gcc/nios2-elf/5.2.0/../../../../../H-x86_64-pc-linux-gnu/nios2-elf/lib/libsmallc.a(lib_a-atexit.o)
 .bss           0x0000000010002728        0x0 /home/tyler/altera/16.0/nios2eds/bin/gnu/H-x86_64-pc-linux-gnu/bin/../lib/gcc/nios2-elf/5.2.0/../../../../../H-x86_64-pc-linux-gnu/nios2-elf/lib/libsmallc.a(lib_a-exit.o)
 .bss           0x0000000010002728        0x0 /home/tyler/altera/16.0/nios2eds/bin/gnu/H-x86_64-pc-linux-gnu/bin/../lib/gcc/nios2-elf/5.2.0/../../../../../H-x86_64-pc-linux-gnu/nios2-elf/lib/libsmallc.a(lib_a-memcmp.o)
 .bss           0x0000000010002728        0x0 /home/tyler/altera/16.0/nios2eds/bin/gnu/H-x86_64-pc-linux-gnu/bin/../lib/gcc/nios2-elf/5.2.0/../../../../../H-x86_64-pc-linux-gnu/nios2-elf/lib/libsmallc.a(lib_a-__atexit.o)
 .bss           0x0000000010002728        0x0 /home/tyler/altera/16.0/nios2eds/bin/gnu/H-x86_64-pc-linux-gnu/bin/../lib/gcc/nios2-elf/5.2.0/../../../../../H-x86_64-pc-linux-gnu/nios2-elf/lib/libsmallc.a(lib_a-__call_atexit.o)
 .bss           0x0000000010002728        0x0 ../test1_bsp//libhal_bsp.a(alt_exit.o)
 *(COMMON)
                0x0000000010002728                . = ALIGN (0x4)
                0x0000000010002728                __bss_end = ABSOLUTE (.)

.mem_if_ddr3_emif_0
                0x0000000000000000        0x0 load address 0x0000000010002728
                [!provide]                        PROVIDE (_alt_partition_mem_if_ddr3_emif_0_start, ABSOLUTE (.))
 *(.mem_if_ddr3_emif_0 .mem_if_ddr3_emif_0. mem_if_ddr3_emif_0.*)
                0x0000000000000000                . = ALIGN (0x4)
                [!provide]                        PROVIDE (_alt_partition_mem_if_ddr3_emif_0_end, ABSOLUTE (.))
                [!provide]                        PROVIDE (_alt_partition_mem_if_ddr3_emif_0_load_addr, LOADADDR (.mem_if_ddr3_emif_0))

.onchip_memory2_0
                0x0000000010002728        0x0
                [!provide]                        PROVIDE (_alt_partition_onchip_memory2_0_start, ABSOLUTE (.))
 *(.onchip_memory2_0 .onchip_memory2_0. onchip_memory2_0.*)
                0x0000000010002728                . = ALIGN (0x4)
                [!provide]                        PROVIDE (_alt_partition_onchip_memory2_0_end, ABSOLUTE (.))
                0x0000000010002728                _end = ABSOLUTE (.)
                0x0000000010002728                end = ABSOLUTE (.)
                0x0000000010002728                __alt_stack_base = ABSOLUTE (.)
                [!provide]                        PROVIDE (_alt_partition_onchip_memory2_0_load_addr, LOADADDR (.onchip_memory2_0))

.stab
 *(.stab)

.stabstr
 *(.stabstr)

.stab.excl
 *(.stab.excl)

.stab.exclstr
 *(.stab.exclstr)

.stab.index
 *(.stab.index)

.stab.indexstr
 *(.stab.indexstr)

.comment        0x0000000000000000       0x23
 *(.comment)
 .comment       0x0000000000000000       0x23 obj/default/hello_world.o
                                         0x24 (size before relaxing)
 .comment       0x0000000000000023       0x24 /home/tyler/altera/16.0/nios2eds/bin/gnu/H-x86_64-pc-linux-gnu/bin/../lib/gcc/nios2-elf/5.2.0/../../../../../H-x86_64-pc-linux-gnu/nios2-elf/lib/libsmallc.a(lib_a-printf.o)
 .comment       0x0000000000000023       0x24 /home/tyler/altera/16.0/nios2eds/bin/gnu/H-x86_64-pc-linux-gnu/bin/../lib/gcc/nios2-elf/5.2.0/../../../../../H-x86_64-pc-linux-gnu/nios2-elf/lib/libsmallc.a(lib_a-putchar.o)
 .comment       0x0000000000000023       0x24 /home/tyler/altera/16.0/nios2eds/bin/gnu/H-x86_64-pc-linux-gnu/bin/../lib/gcc/nios2-elf/5.2.0/../../../../../H-x86_64-pc-linux-gnu/nios2-elf/lib/libsmallc.a(lib_a-vfprintf.o)
 .comment       0x0000000000000023       0x24 /home/tyler/altera/16.0/nios2eds/bin/gnu/H-x86_64-pc-linux-gnu/bin/../lib/gcc/nios2-elf/5.2.0/../../../../../H-x86_64-pc-linux-gnu/nios2-elf/lib/libsmallc.a(lib_a-fvwrite_small_dev.o)
 .comment       0x0000000000000023       0x24 /home/tyler/altera/16.0/nios2eds/bin/gnu/H-x86_64-pc-linux-gnu/bin/../lib/gcc/nios2-elf/5.2.0/../../../../../H-x86_64-pc-linux-gnu/nios2-elf/lib/libsmallc.a(lib_a-impure.o)
 .comment       0x0000000000000023       0x24 /home/tyler/altera/16.0/nios2eds/bin/gnu/H-x86_64-pc-linux-gnu/bin/../lib/gcc/nios2-elf/5.2.0/../../../../../H-x86_64-pc-linux-gnu/nios2-elf/lib/libsmallc.a(lib_a-putc.o)
 .comment       0x0000000000000023       0x24 /home/tyler/altera/16.0/nios2eds/bin/gnu/H-x86_64-pc-linux-gnu/bin/../lib/gcc/nios2-elf/5.2.0/../../../../../H-x86_64-pc-linux-gnu/nios2-elf/lib/libsmallc.a(lib_a-strlen.o)
 .comment       0x0000000000000023       0x24 /home/tyler/altera/16.0/nios2eds/bin/gnu/H-x86_64-pc-linux-gnu/bin/../lib/gcc/nios2-elf/5.2.0/../../../../../H-x86_64-pc-linux-gnu/nios2-elf/lib/libsmallc.a(lib_a-writer.o)
 .comment       0x0000000000000023       0x24 /home/tyler/altera/16.0/nios2eds/bin/gnu/H-x86_64-pc-linux-gnu/bin/../lib/gcc/nios2-elf/5.2.0/../../../../../H-x86_64-pc-linux-gnu/nios2-elf/lib/libsmallc.a(lib_a-int_errno.o)
 .comment       0x0000000000000023       0x24 /home/tyler/altera/16.0/nios2eds/bin/gnu/H-x86_64-pc-linux-gnu/bin/../lib/gcc/nios2-elf/5.2.0/libgcc.a(lib2-divmod.o)
 .comment       0x0000000000000023       0x24 ../test1_bsp//libhal_bsp.a(alt_load.o)
 .comment       0x0000000000000023       0x24 ../test1_bsp//libhal_bsp.a(alt_main.o)
 .comment       0x0000000000000023       0x24 ../test1_bsp//libhal_bsp.a(alt_usleep.o)
 .comment       0x0000000000000023       0x24 ../test1_bsp//libhal_bsp.a(alt_write.o)
 .comment       0x0000000000000023       0x24 ../test1_bsp//libhal_bsp.a(alt_sys_init.o)
 .comment       0x0000000000000023       0x24 ../test1_bsp//libhal_bsp.a(altera_avalon_jtag_uart_fd.o)
 .comment       0x0000000000000023       0x24 ../test1_bsp//libhal_bsp.a(altera_avalon_jtag_uart_read.o)
 .comment       0x0000000000000023       0x24 ../test1_bsp//libhal_bsp.a(altera_avalon_jtag_uart_write.o)
 .comment       0x0000000000000023       0x24 ../test1_bsp//libhal_bsp.a(alt_busy_sleep.o)
 .comment       0x0000000000000023       0x24 ../test1_bsp//libhal_bsp.a(alt_close.o)
 .comment       0x0000000000000023       0x24 ../test1_bsp//libhal_bsp.a(alt_dcache_flush_all.o)
 .comment       0x0000000000000023       0x24 ../test1_bsp//libhal_bsp.a(alt_dev.o)
 .comment       0x0000000000000023       0x24 ../test1_bsp//libhal_bsp.a(alt_dev_llist_insert.o)
 .comment       0x0000000000000023       0x24 ../test1_bsp//libhal_bsp.a(alt_do_ctors.o)
 .comment       0x0000000000000023       0x24 ../test1_bsp//libhal_bsp.a(alt_do_dtors.o)
 .comment       0x0000000000000023       0x24 ../test1_bsp//libhal_bsp.a(alt_errno.o)
 .comment       0x0000000000000023       0x24 ../test1_bsp//libhal_bsp.a(alt_icache_flush_all.o)
 .comment       0x0000000000000023       0x24 ../test1_bsp//libhal_bsp.a(alt_io_redirect.o)
 .comment       0x0000000000000023       0x24 ../test1_bsp//libhal_bsp.a(alt_open.o)
 .comment       0x0000000000000023       0x24 ../test1_bsp//libhal_bsp.a(alt_release_fd.o)
 .comment       0x0000000000000023       0x24 ../test1_bsp//libhal_bsp.a(altera_nios2_gen2_irq.o)
 .comment       0x0000000000000023       0x24 ../test1_bsp//libhal_bsp.a(alt_find_dev.o)
 .comment       0x0000000000000023       0x24 ../test1_bsp//libhal_bsp.a(alt_find_file.o)
 .comment       0x0000000000000023       0x24 ../test1_bsp//libhal_bsp.a(alt_get_fd.o)
 .comment       0x0000000000000023       0x24 ../test1_bsp//libhal_bsp.a(alt_icache_flush.o)
 .comment       0x0000000000000023       0x24 /home/tyler/altera/16.0/nios2eds/bin/gnu/H-x86_64-pc-linux-gnu/bin/../lib/gcc/nios2-elf/5.2.0/../../../../../H-x86_64-pc-linux-gnu/nios2-elf/lib/libsmallc.a(lib_a-atexit.o)
 .comment       0x0000000000000023       0x24 /home/tyler/altera/16.0/nios2eds/bin/gnu/H-x86_64-pc-linux-gnu/bin/../lib/gcc/nios2-elf/5.2.0/../../../../../H-x86_64-pc-linux-gnu/nios2-elf/lib/libsmallc.a(lib_a-exit.o)
 .comment       0x0000000000000023       0x24 /home/tyler/altera/16.0/nios2eds/bin/gnu/H-x86_64-pc-linux-gnu/bin/../lib/gcc/nios2-elf/5.2.0/../../../../../H-x86_64-pc-linux-gnu/nios2-elf/lib/libsmallc.a(lib_a-memcmp.o)
 .comment       0x0000000000000023       0x24 /home/tyler/altera/16.0/nios2eds/bin/gnu/H-x86_64-pc-linux-gnu/bin/../lib/gcc/nios2-elf/5.2.0/../../../../../H-x86_64-pc-linux-gnu/nios2-elf/lib/libsmallc.a(lib_a-__atexit.o)
 .comment       0x0000000000000023       0x24 /home/tyler/altera/16.0/nios2eds/bin/gnu/H-x86_64-pc-linux-gnu/bin/../lib/gcc/nios2-elf/5.2.0/../../../../../H-x86_64-pc-linux-gnu/nios2-elf/lib/libsmallc.a(lib_a-__call_atexit.o)
 .comment       0x0000000000000023       0x24 ../test1_bsp//libhal_bsp.a(alt_exit.o)

.debug
 *(.debug)

.line
 *(.line)

.debug_srcinfo
 *(.debug_srcinfo)

.debug_sfnames
 *(.debug_sfnames)

.debug_aranges  0x0000000000000000      0x578
 *(.debug_aranges)
 .debug_aranges
                0x0000000000000000       0x28 ../test1_bsp//obj/HAL/src/crt0.o
 .debug_aranges
                0x0000000000000028       0x20 obj/default/hello_world.o
 .debug_aranges
                0x0000000000000048       0x28 /home/tyler/altera/16.0/nios2eds/bin/gnu/H-x86_64-pc-linux-gnu/bin/../lib/gcc/nios2-elf/5.2.0/../../../../../H-x86_64-pc-linux-gnu/nios2-elf/lib/libsmallc.a(lib_a-printf.o)
 .debug_aranges
                0x0000000000000070       0x28 /home/tyler/altera/16.0/nios2eds/bin/gnu/H-x86_64-pc-linux-gnu/bin/../lib/gcc/nios2-elf/5.2.0/../../../../../H-x86_64-pc-linux-gnu/nios2-elf/lib/libsmallc.a(lib_a-putchar.o)
 .debug_aranges
                0x0000000000000098       0x30 /home/tyler/altera/16.0/nios2eds/bin/gnu/H-x86_64-pc-linux-gnu/bin/../lib/gcc/nios2-elf/5.2.0/../../../../../H-x86_64-pc-linux-gnu/nios2-elf/lib/libsmallc.a(lib_a-vfprintf.o)
 .debug_aranges
                0x00000000000000c8       0x20 /home/tyler/altera/16.0/nios2eds/bin/gnu/H-x86_64-pc-linux-gnu/bin/../lib/gcc/nios2-elf/5.2.0/../../../../../H-x86_64-pc-linux-gnu/nios2-elf/lib/libsmallc.a(lib_a-fvwrite_small_dev.o)
 .debug_aranges
                0x00000000000000e8       0x18 /home/tyler/altera/16.0/nios2eds/bin/gnu/H-x86_64-pc-linux-gnu/bin/../lib/gcc/nios2-elf/5.2.0/../../../../../H-x86_64-pc-linux-gnu/nios2-elf/lib/libsmallc.a(lib_a-impure.o)
 .debug_aranges
                0x0000000000000100       0x28 /home/tyler/altera/16.0/nios2eds/bin/gnu/H-x86_64-pc-linux-gnu/bin/../lib/gcc/nios2-elf/5.2.0/../../../../../H-x86_64-pc-linux-gnu/nios2-elf/lib/libsmallc.a(lib_a-putc.o)
 .debug_aranges
                0x0000000000000128       0x20 /home/tyler/altera/16.0/nios2eds/bin/gnu/H-x86_64-pc-linux-gnu/bin/../lib/gcc/nios2-elf/5.2.0/../../../../../H-x86_64-pc-linux-gnu/nios2-elf/lib/libsmallc.a(lib_a-strlen.o)
 .debug_aranges
                0x0000000000000148       0x20 /home/tyler/altera/16.0/nios2eds/bin/gnu/H-x86_64-pc-linux-gnu/bin/../lib/gcc/nios2-elf/5.2.0/../../../../../H-x86_64-pc-linux-gnu/nios2-elf/lib/libsmallc.a(lib_a-writer.o)
 .debug_aranges
                0x0000000000000168       0x18 /home/tyler/altera/16.0/nios2eds/bin/gnu/H-x86_64-pc-linux-gnu/bin/../lib/gcc/nios2-elf/5.2.0/../../../../../H-x86_64-pc-linux-gnu/nios2-elf/lib/libsmallc.a(lib_a-int_errno.o)
 .debug_aranges
                0x0000000000000180       0x20 /home/tyler/altera/16.0/nios2eds/bin/gnu/H-x86_64-pc-linux-gnu/bin/../lib/gcc/nios2-elf/5.2.0/libgcc.a(lib2-divmod.o)
 .debug_aranges
                0x00000000000001a0       0x20 ../test1_bsp//libhal_bsp.a(alt_load.o)
 .debug_aranges
                0x00000000000001c0       0x20 ../test1_bsp//libhal_bsp.a(alt_main.o)
 .debug_aranges
                0x00000000000001e0       0x20 ../test1_bsp//libhal_bsp.a(alt_usleep.o)
 .debug_aranges
                0x0000000000000200       0x20 ../test1_bsp//libhal_bsp.a(alt_write.o)
 .debug_aranges
                0x0000000000000220       0x20 ../test1_bsp//libhal_bsp.a(alt_sys_init.o)
 .debug_aranges
                0x0000000000000240       0x20 ../test1_bsp//libhal_bsp.a(altera_avalon_jtag_uart_fd.o)
 .debug_aranges
                0x0000000000000260       0x20 ../test1_bsp//libhal_bsp.a(altera_avalon_jtag_uart_read.o)
 .debug_aranges
                0x0000000000000280       0x20 ../test1_bsp//libhal_bsp.a(altera_avalon_jtag_uart_write.o)
 .debug_aranges
                0x00000000000002a0       0x20 ../test1_bsp//libhal_bsp.a(alt_busy_sleep.o)
 .debug_aranges
                0x00000000000002c0       0x20 ../test1_bsp//libhal_bsp.a(alt_close.o)
 .debug_aranges
                0x00000000000002e0       0x20 ../test1_bsp//libhal_bsp.a(alt_dcache_flush_all.o)
 .debug_aranges
                0x0000000000000300       0x20 ../test1_bsp//libhal_bsp.a(alt_dev.o)
 .debug_aranges
                0x0000000000000320       0x20 ../test1_bsp//libhal_bsp.a(alt_dev_llist_insert.o)
 .debug_aranges
                0x0000000000000340       0x20 ../test1_bsp//libhal_bsp.a(alt_do_ctors.o)
 .debug_aranges
                0x0000000000000360       0x20 ../test1_bsp//libhal_bsp.a(alt_do_dtors.o)
 .debug_aranges
                0x0000000000000380       0x18 ../test1_bsp//libhal_bsp.a(alt_errno.o)
 .debug_aranges
                0x0000000000000398       0x20 ../test1_bsp//libhal_bsp.a(alt_icache_flush_all.o)
 .debug_aranges
                0x00000000000003b8       0x20 ../test1_bsp//libhal_bsp.a(alt_io_redirect.o)
 .debug_aranges
                0x00000000000003d8       0x20 ../test1_bsp//libhal_bsp.a(alt_open.o)
 .debug_aranges
                0x00000000000003f8       0x20 ../test1_bsp//libhal_bsp.a(alt_release_fd.o)
 .debug_aranges
                0x0000000000000418       0x20 ../test1_bsp//libhal_bsp.a(altera_nios2_gen2_irq.o)
 .debug_aranges
                0x0000000000000438       0x20 ../test1_bsp//libhal_bsp.a(alt_find_dev.o)
 .debug_aranges
                0x0000000000000458       0x20 ../test1_bsp//libhal_bsp.a(alt_find_file.o)
 .debug_aranges
                0x0000000000000478       0x20 ../test1_bsp//libhal_bsp.a(alt_get_fd.o)
 .debug_aranges
                0x0000000000000498       0x20 ../test1_bsp//libhal_bsp.a(alt_icache_flush.o)
 .debug_aranges
                0x00000000000004b8       0x20 /home/tyler/altera/16.0/nios2eds/bin/gnu/H-x86_64-pc-linux-gnu/bin/../lib/gcc/nios2-elf/5.2.0/../../../../../H-x86_64-pc-linux-gnu/nios2-elf/lib/libsmallc.a(lib_a-atexit.o)
 .debug_aranges
                0x00000000000004d8       0x20 /home/tyler/altera/16.0/nios2eds/bin/gnu/H-x86_64-pc-linux-gnu/bin/../lib/gcc/nios2-elf/5.2.0/../../../../../H-x86_64-pc-linux-gnu/nios2-elf/lib/libsmallc.a(lib_a-exit.o)
 .debug_aranges
                0x00000000000004f8       0x20 /home/tyler/altera/16.0/nios2eds/bin/gnu/H-x86_64-pc-linux-gnu/bin/../lib/gcc/nios2-elf/5.2.0/../../../../../H-x86_64-pc-linux-gnu/nios2-elf/lib/libsmallc.a(lib_a-memcmp.o)
 .debug_aranges
                0x0000000000000518       0x20 /home/tyler/altera/16.0/nios2eds/bin/gnu/H-x86_64-pc-linux-gnu/bin/../lib/gcc/nios2-elf/5.2.0/../../../../../H-x86_64-pc-linux-gnu/nios2-elf/lib/libsmallc.a(lib_a-__atexit.o)
 .debug_aranges
                0x0000000000000538       0x20 /home/tyler/altera/16.0/nios2eds/bin/gnu/H-x86_64-pc-linux-gnu/bin/../lib/gcc/nios2-elf/5.2.0/../../../../../H-x86_64-pc-linux-gnu/nios2-elf/lib/libsmallc.a(lib_a-__call_atexit.o)
 .debug_aranges
                0x0000000000000558       0x20 ../test1_bsp//libhal_bsp.a(alt_exit.o)

.debug_pubnames
 *(.debug_pubnames)

.debug_info     0x0000000000000000     0x7b3e
 *(.debug_info .gnu.linkonce.wi.*)
 .debug_info    0x0000000000000000       0x74 ../test1_bsp//obj/HAL/src/crt0.o
 .debug_info    0x0000000000000074       0xb7 obj/default/hello_world.o
 .debug_info    0x000000000000012b      0x699 /home/tyler/altera/16.0/nios2eds/bin/gnu/H-x86_64-pc-linux-gnu/bin/../lib/gcc/nios2-elf/5.2.0/../../../../../H-x86_64-pc-linux-gnu/nios2-elf/lib/libsmallc.a(lib_a-printf.o)
 .debug_info    0x00000000000007c4      0x62a /home/tyler/altera/16.0/nios2eds/bin/gnu/H-x86_64-pc-linux-gnu/bin/../lib/gcc/nios2-elf/5.2.0/../../../../../H-x86_64-pc-linux-gnu/nios2-elf/lib/libsmallc.a(lib_a-putchar.o)
 .debug_info    0x0000000000000dee      0xb2b /home/tyler/altera/16.0/nios2eds/bin/gnu/H-x86_64-pc-linux-gnu/bin/../lib/gcc/nios2-elf/5.2.0/../../../../../H-x86_64-pc-linux-gnu/nios2-elf/lib/libsmallc.a(lib_a-vfprintf.o)
 .debug_info    0x0000000000001919      0x62b /home/tyler/altera/16.0/nios2eds/bin/gnu/H-x86_64-pc-linux-gnu/bin/../lib/gcc/nios2-elf/5.2.0/../../../../../H-x86_64-pc-linux-gnu/nios2-elf/lib/libsmallc.a(lib_a-fvwrite_small_dev.o)
 .debug_info    0x0000000000001f44      0x5a9 /home/tyler/altera/16.0/nios2eds/bin/gnu/H-x86_64-pc-linux-gnu/bin/../lib/gcc/nios2-elf/5.2.0/../../../../../H-x86_64-pc-linux-gnu/nios2-elf/lib/libsmallc.a(lib_a-impure.o)
 .debug_info    0x00000000000024ed      0x672 /home/tyler/altera/16.0/nios2eds/bin/gnu/H-x86_64-pc-linux-gnu/bin/../lib/gcc/nios2-elf/5.2.0/../../../../../H-x86_64-pc-linux-gnu/nios2-elf/lib/libsmallc.a(lib_a-putc.o)
 .debug_info    0x0000000000002b5f       0xc9 /home/tyler/altera/16.0/nios2eds/bin/gnu/H-x86_64-pc-linux-gnu/bin/../lib/gcc/nios2-elf/5.2.0/../../../../../H-x86_64-pc-linux-gnu/nios2-elf/lib/libsmallc.a(lib_a-strlen.o)
 .debug_info    0x0000000000002c28      0x630 /home/tyler/altera/16.0/nios2eds/bin/gnu/H-x86_64-pc-linux-gnu/bin/../lib/gcc/nios2-elf/5.2.0/../../../../../H-x86_64-pc-linux-gnu/nios2-elf/lib/libsmallc.a(lib_a-writer.o)
 .debug_info    0x0000000000003258       0x8a /home/tyler/altera/16.0/nios2eds/bin/gnu/H-x86_64-pc-linux-gnu/bin/../lib/gcc/nios2-elf/5.2.0/../../../../../H-x86_64-pc-linux-gnu/nios2-elf/lib/libsmallc.a(lib_a-int_errno.o)
 .debug_info    0x00000000000032e2      0x2c3 /home/tyler/altera/16.0/nios2eds/bin/gnu/H-x86_64-pc-linux-gnu/bin/../lib/gcc/nios2-elf/5.2.0/libgcc.a(lib2-divmod.o)
 .debug_info    0x00000000000035a5      0x145 ../test1_bsp//libhal_bsp.a(alt_load.o)
 .debug_info    0x00000000000036ea      0x131 ../test1_bsp//libhal_bsp.a(alt_main.o)
 .debug_info    0x000000000000381b       0xb0 ../test1_bsp//libhal_bsp.a(alt_usleep.o)
 .debug_info    0x00000000000038cb      0x4b7 ../test1_bsp//libhal_bsp.a(alt_write.o)
 .debug_info    0x0000000000003d82      0x3c9 ../test1_bsp//libhal_bsp.a(alt_sys_init.o)
 .debug_info    0x000000000000414b      0x3a7 ../test1_bsp//libhal_bsp.a(altera_avalon_jtag_uart_fd.o)
 .debug_info    0x00000000000044f2      0x1b2 ../test1_bsp//libhal_bsp.a(altera_avalon_jtag_uart_read.o)
 .debug_info    0x00000000000046a4      0x195 ../test1_bsp//libhal_bsp.a(altera_avalon_jtag_uart_write.o)
 .debug_info    0x0000000000004839       0xd7 ../test1_bsp//libhal_bsp.a(alt_busy_sleep.o)
 .debug_info    0x0000000000004910      0x321 ../test1_bsp//libhal_bsp.a(alt_close.o)
 .debug_info    0x0000000000004c31       0xa5 ../test1_bsp//libhal_bsp.a(alt_dcache_flush_all.o)
 .debug_info    0x0000000000004cd6      0x49c ../test1_bsp//libhal_bsp.a(alt_dev.o)
 .debug_info    0x0000000000005172      0x1a9 ../test1_bsp//libhal_bsp.a(alt_dev_llist_insert.o)
 .debug_info    0x000000000000531b       0x83 ../test1_bsp//libhal_bsp.a(alt_do_ctors.o)
 .debug_info    0x000000000000539e       0x83 ../test1_bsp//libhal_bsp.a(alt_do_dtors.o)
 .debug_info    0x0000000000005421       0xa6 ../test1_bsp//libhal_bsp.a(alt_errno.o)
 .debug_info    0x00000000000054c7       0x92 ../test1_bsp//libhal_bsp.a(alt_icache_flush_all.o)
 .debug_info    0x0000000000005559      0x4a5 ../test1_bsp//libhal_bsp.a(alt_io_redirect.o)
 .debug_info    0x00000000000059fe      0x3bb ../test1_bsp//libhal_bsp.a(alt_open.o)
 .debug_info    0x0000000000005db9      0x2b0 ../test1_bsp//libhal_bsp.a(alt_release_fd.o)
 .debug_info    0x0000000000006069       0x92 ../test1_bsp//libhal_bsp.a(altera_nios2_gen2_irq.o)
 .debug_info    0x00000000000060fb      0x2e9 ../test1_bsp//libhal_bsp.a(alt_find_dev.o)
 .debug_info    0x00000000000063e4      0x2e6 ../test1_bsp//libhal_bsp.a(alt_find_file.o)
 .debug_info    0x00000000000066ca      0x310 ../test1_bsp//libhal_bsp.a(alt_get_fd.o)
 .debug_info    0x00000000000069da       0xdc ../test1_bsp//libhal_bsp.a(alt_icache_flush.o)
 .debug_info    0x0000000000006ab6       0xfe /home/tyler/altera/16.0/nios2eds/bin/gnu/H-x86_64-pc-linux-gnu/bin/../lib/gcc/nios2-elf/5.2.0/../../../../../H-x86_64-pc-linux-gnu/nios2-elf/lib/libsmallc.a(lib_a-atexit.o)
 .debug_info    0x0000000000006bb4       0xe5 /home/tyler/altera/16.0/nios2eds/bin/gnu/H-x86_64-pc-linux-gnu/bin/../lib/gcc/nios2-elf/5.2.0/../../../../../H-x86_64-pc-linux-gnu/nios2-elf/lib/libsmallc.a(lib_a-exit.o)
 .debug_info    0x0000000000006c99       0xf4 /home/tyler/altera/16.0/nios2eds/bin/gnu/H-x86_64-pc-linux-gnu/bin/../lib/gcc/nios2-elf/5.2.0/../../../../../H-x86_64-pc-linux-gnu/nios2-elf/lib/libsmallc.a(lib_a-memcmp.o)
 .debug_info    0x0000000000006d8d      0x64a /home/tyler/altera/16.0/nios2eds/bin/gnu/H-x86_64-pc-linux-gnu/bin/../lib/gcc/nios2-elf/5.2.0/../../../../../H-x86_64-pc-linux-gnu/nios2-elf/lib/libsmallc.a(lib_a-__atexit.o)
 .debug_info    0x00000000000073d7      0x67b /home/tyler/altera/16.0/nios2eds/bin/gnu/H-x86_64-pc-linux-gnu/bin/../lib/gcc/nios2-elf/5.2.0/../../../../../H-x86_64-pc-linux-gnu/nios2-elf/lib/libsmallc.a(lib_a-__call_atexit.o)
 .debug_info    0x0000000000007a52       0xec ../test1_bsp//libhal_bsp.a(alt_exit.o)

.debug_abbrev   0x0000000000000000     0x286c
 *(.debug_abbrev)
 .debug_abbrev  0x0000000000000000       0x12 ../test1_bsp//obj/HAL/src/crt0.o
 .debug_abbrev  0x0000000000000012       0x5a obj/default/hello_world.o
 .debug_abbrev  0x000000000000006c      0x1ee /home/tyler/altera/16.0/nios2eds/bin/gnu/H-x86_64-pc-linux-gnu/bin/../lib/gcc/nios2-elf/5.2.0/../../../../../H-x86_64-pc-linux-gnu/nios2-elf/lib/libsmallc.a(lib_a-printf.o)
 .debug_abbrev  0x000000000000025a      0x1c0 /home/tyler/altera/16.0/nios2eds/bin/gnu/H-x86_64-pc-linux-gnu/bin/../lib/gcc/nios2-elf/5.2.0/../../../../../H-x86_64-pc-linux-gnu/nios2-elf/lib/libsmallc.a(lib_a-putchar.o)
 .debug_abbrev  0x000000000000041a      0x2a1 /home/tyler/altera/16.0/nios2eds/bin/gnu/H-x86_64-pc-linux-gnu/bin/../lib/gcc/nios2-elf/5.2.0/../../../../../H-x86_64-pc-linux-gnu/nios2-elf/lib/libsmallc.a(lib_a-vfprintf.o)
 .debug_abbrev  0x00000000000006bb      0x1bc /home/tyler/altera/16.0/nios2eds/bin/gnu/H-x86_64-pc-linux-gnu/bin/../lib/gcc/nios2-elf/5.2.0/../../../../../H-x86_64-pc-linux-gnu/nios2-elf/lib/libsmallc.a(lib_a-fvwrite_small_dev.o)
 .debug_abbrev  0x0000000000000877      0x14a /home/tyler/altera/16.0/nios2eds/bin/gnu/H-x86_64-pc-linux-gnu/bin/../lib/gcc/nios2-elf/5.2.0/../../../../../H-x86_64-pc-linux-gnu/nios2-elf/lib/libsmallc.a(lib_a-impure.o)
 .debug_abbrev  0x00000000000009c1      0x1bd /home/tyler/altera/16.0/nios2eds/bin/gnu/H-x86_64-pc-linux-gnu/bin/../lib/gcc/nios2-elf/5.2.0/../../../../../H-x86_64-pc-linux-gnu/nios2-elf/lib/libsmallc.a(lib_a-putc.o)
 .debug_abbrev  0x0000000000000b7e       0x7f /home/tyler/altera/16.0/nios2eds/bin/gnu/H-x86_64-pc-linux-gnu/bin/../lib/gcc/nios2-elf/5.2.0/../../../../../H-x86_64-pc-linux-gnu/nios2-elf/lib/libsmallc.a(lib_a-strlen.o)
 .debug_abbrev  0x0000000000000bfd      0x1a6 /home/tyler/altera/16.0/nios2eds/bin/gnu/H-x86_64-pc-linux-gnu/bin/../lib/gcc/nios2-elf/5.2.0/../../../../../H-x86_64-pc-linux-gnu/nios2-elf/lib/libsmallc.a(lib_a-writer.o)
 .debug_abbrev  0x0000000000000da3       0x37 /home/tyler/altera/16.0/nios2eds/bin/gnu/H-x86_64-pc-linux-gnu/bin/../lib/gcc/nios2-elf/5.2.0/../../../../../H-x86_64-pc-linux-gnu/nios2-elf/lib/libsmallc.a(lib_a-int_errno.o)
 .debug_abbrev  0x0000000000000dda      0x10e /home/tyler/altera/16.0/nios2eds/bin/gnu/H-x86_64-pc-linux-gnu/bin/../lib/gcc/nios2-elf/5.2.0/libgcc.a(lib2-divmod.o)
 .debug_abbrev  0x0000000000000ee8       0x9f ../test1_bsp//libhal_bsp.a(alt_load.o)
 .debug_abbrev  0x0000000000000f87       0xba ../test1_bsp//libhal_bsp.a(alt_main.o)
 .debug_abbrev  0x0000000000001041       0x60 ../test1_bsp//libhal_bsp.a(alt_usleep.o)
 .debug_abbrev  0x00000000000010a1      0x133 ../test1_bsp//libhal_bsp.a(alt_write.o)
 .debug_abbrev  0x00000000000011d4      0x157 ../test1_bsp//libhal_bsp.a(alt_sys_init.o)
 .debug_abbrev  0x000000000000132b       0xf7 ../test1_bsp//libhal_bsp.a(altera_avalon_jtag_uart_fd.o)
 .debug_abbrev  0x0000000000001422       0xd5 ../test1_bsp//libhal_bsp.a(altera_avalon_jtag_uart_read.o)
 .debug_abbrev  0x00000000000014f7       0xd5 ../test1_bsp//libhal_bsp.a(altera_avalon_jtag_uart_write.o)
 .debug_abbrev  0x00000000000015cc       0x7e ../test1_bsp//libhal_bsp.a(alt_busy_sleep.o)
 .debug_abbrev  0x000000000000164a      0x11f ../test1_bsp//libhal_bsp.a(alt_close.o)
 .debug_abbrev  0x0000000000001769       0x5a ../test1_bsp//libhal_bsp.a(alt_dcache_flush_all.o)
 .debug_abbrev  0x00000000000017c3       0xd9 ../test1_bsp//libhal_bsp.a(alt_dev.o)
 .debug_abbrev  0x000000000000189c      0x114 ../test1_bsp//libhal_bsp.a(alt_dev_llist_insert.o)
 .debug_abbrev  0x00000000000019b0       0x79 ../test1_bsp//libhal_bsp.a(alt_do_ctors.o)
 .debug_abbrev  0x0000000000001a29       0x79 ../test1_bsp//libhal_bsp.a(alt_do_dtors.o)
 .debug_abbrev  0x0000000000001aa2       0x5a ../test1_bsp//libhal_bsp.a(alt_errno.o)
 .debug_abbrev  0x0000000000001afc       0x42 ../test1_bsp//libhal_bsp.a(alt_icache_flush_all.o)
 .debug_abbrev  0x0000000000001b3e      0x114 ../test1_bsp//libhal_bsp.a(alt_io_redirect.o)
 .debug_abbrev  0x0000000000001c52      0x148 ../test1_bsp//libhal_bsp.a(alt_open.o)
 .debug_abbrev  0x0000000000001d9a       0xde ../test1_bsp//libhal_bsp.a(alt_release_fd.o)
 .debug_abbrev  0x0000000000001e78       0x42 ../test1_bsp//libhal_bsp.a(altera_nios2_gen2_irq.o)
 .debug_abbrev  0x0000000000001eba       0xf0 ../test1_bsp//libhal_bsp.a(alt_find_dev.o)
 .debug_abbrev  0x0000000000001faa       0xf0 ../test1_bsp//libhal_bsp.a(alt_find_file.o)
 .debug_abbrev  0x000000000000209a      0x10d ../test1_bsp//libhal_bsp.a(alt_get_fd.o)
 .debug_abbrev  0x00000000000021a7       0x8c ../test1_bsp//libhal_bsp.a(alt_icache_flush.o)
 .debug_abbrev  0x0000000000002233       0xaa /home/tyler/altera/16.0/nios2eds/bin/gnu/H-x86_64-pc-linux-gnu/bin/../lib/gcc/nios2-elf/5.2.0/../../../../../H-x86_64-pc-linux-gnu/nios2-elf/lib/libsmallc.a(lib_a-atexit.o)
 .debug_abbrev  0x00000000000022dd       0x8b /home/tyler/altera/16.0/nios2eds/bin/gnu/H-x86_64-pc-linux-gnu/bin/../lib/gcc/nios2-elf/5.2.0/../../../../../H-x86_64-pc-linux-gnu/nios2-elf/lib/libsmallc.a(lib_a-exit.o)
 .debug_abbrev  0x0000000000002368       0x7f /home/tyler/altera/16.0/nios2eds/bin/gnu/H-x86_64-pc-linux-gnu/bin/../lib/gcc/nios2-elf/5.2.0/../../../../../H-x86_64-pc-linux-gnu/nios2-elf/lib/libsmallc.a(lib_a-memcmp.o)
 .debug_abbrev  0x00000000000023e7      0x1e6 /home/tyler/altera/16.0/nios2eds/bin/gnu/H-x86_64-pc-linux-gnu/bin/../lib/gcc/nios2-elf/5.2.0/../../../../../H-x86_64-pc-linux-gnu/nios2-elf/lib/libsmallc.a(lib_a-__atexit.o)
 .debug_abbrev  0x00000000000025cd      0x1f6 /home/tyler/altera/16.0/nios2eds/bin/gnu/H-x86_64-pc-linux-gnu/bin/../lib/gcc/nios2-elf/5.2.0/../../../../../H-x86_64-pc-linux-gnu/nios2-elf/lib/libsmallc.a(lib_a-__call_atexit.o)
 .debug_abbrev  0x00000000000027c3       0xa9 ../test1_bsp//libhal_bsp.a(alt_exit.o)

.debug_line     0x0000000000000000     0x2e09
 *(.debug_line)
 .debug_line    0x0000000000000000       0x72 ../test1_bsp//obj/HAL/src/crt0.o
 .debug_line    0x0000000000000072       0x7e obj/default/hello_world.o
 .debug_line    0x00000000000000f0      0x200 /home/tyler/altera/16.0/nios2eds/bin/gnu/H-x86_64-pc-linux-gnu/bin/../lib/gcc/nios2-elf/5.2.0/../../../../../H-x86_64-pc-linux-gnu/nios2-elf/lib/libsmallc.a(lib_a-printf.o)
 .debug_line    0x00000000000002f0      0x1e6 /home/tyler/altera/16.0/nios2eds/bin/gnu/H-x86_64-pc-linux-gnu/bin/../lib/gcc/nios2-elf/5.2.0/../../../../../H-x86_64-pc-linux-gnu/nios2-elf/lib/libsmallc.a(lib_a-putchar.o)
 .debug_line    0x00000000000004d6      0x34f /home/tyler/altera/16.0/nios2eds/bin/gnu/H-x86_64-pc-linux-gnu/bin/../lib/gcc/nios2-elf/5.2.0/../../../../../H-x86_64-pc-linux-gnu/nios2-elf/lib/libsmallc.a(lib_a-vfprintf.o)
 .debug_line    0x0000000000000825      0x1ed /home/tyler/altera/16.0/nios2eds/bin/gnu/H-x86_64-pc-linux-gnu/bin/../lib/gcc/nios2-elf/5.2.0/../../../../../H-x86_64-pc-linux-gnu/nios2-elf/lib/libsmallc.a(lib_a-fvwrite_small_dev.o)
 .debug_line    0x0000000000000a12      0x153 /home/tyler/altera/16.0/nios2eds/bin/gnu/H-x86_64-pc-linux-gnu/bin/../lib/gcc/nios2-elf/5.2.0/../../../../../H-x86_64-pc-linux-gnu/nios2-elf/lib/libsmallc.a(lib_a-impure.o)
 .debug_line    0x0000000000000b65      0x1ff /home/tyler/altera/16.0/nios2eds/bin/gnu/H-x86_64-pc-linux-gnu/bin/../lib/gcc/nios2-elf/5.2.0/../../../../../H-x86_64-pc-linux-gnu/nios2-elf/lib/libsmallc.a(lib_a-putc.o)
 .debug_line    0x0000000000000d64      0x159 /home/tyler/altera/16.0/nios2eds/bin/gnu/H-x86_64-pc-linux-gnu/bin/../lib/gcc/nios2-elf/5.2.0/../../../../../H-x86_64-pc-linux-gnu/nios2-elf/lib/libsmallc.a(lib_a-strlen.o)
 .debug_line    0x0000000000000ebd      0x1ea /home/tyler/altera/16.0/nios2eds/bin/gnu/H-x86_64-pc-linux-gnu/bin/../lib/gcc/nios2-elf/5.2.0/../../../../../H-x86_64-pc-linux-gnu/nios2-elf/lib/libsmallc.a(lib_a-writer.o)
 .debug_line    0x00000000000010a7       0x5c /home/tyler/altera/16.0/nios2eds/bin/gnu/H-x86_64-pc-linux-gnu/bin/../lib/gcc/nios2-elf/5.2.0/../../../../../H-x86_64-pc-linux-gnu/nios2-elf/lib/libsmallc.a(lib_a-int_errno.o)
 .debug_line    0x0000000000001103      0x102 /home/tyler/altera/16.0/nios2eds/bin/gnu/H-x86_64-pc-linux-gnu/bin/../lib/gcc/nios2-elf/5.2.0/libgcc.a(lib2-divmod.o)
 .debug_line    0x0000000000001205       0x8e ../test1_bsp//libhal_bsp.a(alt_load.o)
 .debug_line    0x0000000000001293       0xa4 ../test1_bsp//libhal_bsp.a(alt_main.o)
 .debug_line    0x0000000000001337       0xb3 ../test1_bsp//libhal_bsp.a(alt_usleep.o)
 .debug_line    0x00000000000013ea      0x1e8 ../test1_bsp//libhal_bsp.a(alt_write.o)
 .debug_line    0x00000000000015d2      0x127 ../test1_bsp//libhal_bsp.a(alt_sys_init.o)
 .debug_line    0x00000000000016f9      0x112 ../test1_bsp//libhal_bsp.a(altera_avalon_jtag_uart_fd.o)
 .debug_line    0x000000000000180b       0xfd ../test1_bsp//libhal_bsp.a(altera_avalon_jtag_uart_read.o)
 .debug_line    0x0000000000001908       0xf4 ../test1_bsp//libhal_bsp.a(altera_avalon_jtag_uart_write.o)
 .debug_line    0x00000000000019fc       0xa0 ../test1_bsp//libhal_bsp.a(alt_busy_sleep.o)
 .debug_line    0x0000000000001a9c      0x16c ../test1_bsp//libhal_bsp.a(alt_close.o)
 .debug_line    0x0000000000001c08       0x61 ../test1_bsp//libhal_bsp.a(alt_dcache_flush_all.o)
 .debug_line    0x0000000000001c69       0xfe ../test1_bsp//libhal_bsp.a(alt_dev.o)
 .debug_line    0x0000000000001d67       0xd0 ../test1_bsp//libhal_bsp.a(alt_dev_llist_insert.o)
 .debug_line    0x0000000000001e37       0x59 ../test1_bsp//libhal_bsp.a(alt_do_ctors.o)
 .debug_line    0x0000000000001e90       0x59 ../test1_bsp//libhal_bsp.a(alt_do_dtors.o)
 .debug_line    0x0000000000001ee9       0x51 ../test1_bsp//libhal_bsp.a(alt_errno.o)
 .debug_line    0x0000000000001f3a       0x50 ../test1_bsp//libhal_bsp.a(alt_icache_flush_all.o)
 .debug_line    0x0000000000001f8a      0x139 ../test1_bsp//libhal_bsp.a(alt_io_redirect.o)
 .debug_line    0x00000000000020c3      0x12a ../test1_bsp//libhal_bsp.a(alt_open.o)
 .debug_line    0x00000000000021ed       0xae ../test1_bsp//libhal_bsp.a(alt_release_fd.o)
 .debug_line    0x000000000000229b       0x51 ../test1_bsp//libhal_bsp.a(altera_nios2_gen2_irq.o)
 .debug_line    0x00000000000022ec       0xb5 ../test1_bsp//libhal_bsp.a(alt_find_dev.o)
 .debug_line    0x00000000000023a1       0xd1 ../test1_bsp//libhal_bsp.a(alt_find_file.o)
 .debug_line    0x0000000000002472       0xd5 ../test1_bsp//libhal_bsp.a(alt_get_fd.o)
 .debug_line    0x0000000000002547       0x81 ../test1_bsp//libhal_bsp.a(alt_icache_flush.o)
 .debug_line    0x00000000000025c8       0xe4 /home/tyler/altera/16.0/nios2eds/bin/gnu/H-x86_64-pc-linux-gnu/bin/../lib/gcc/nios2-elf/5.2.0/../../../../../H-x86_64-pc-linux-gnu/nios2-elf/lib/libsmallc.a(lib_a-atexit.o)
 .debug_line    0x00000000000026ac      0x156 /home/tyler/altera/16.0/nios2eds/bin/gnu/H-x86_64-pc-linux-gnu/bin/../lib/gcc/nios2-elf/5.2.0/../../../../../H-x86_64-pc-linux-gnu/nios2-elf/lib/libsmallc.a(lib_a-exit.o)
 .debug_line    0x0000000000002802      0x15d /home/tyler/altera/16.0/nios2eds/bin/gnu/H-x86_64-pc-linux-gnu/bin/../lib/gcc/nios2-elf/5.2.0/../../../../../H-x86_64-pc-linux-gnu/nios2-elf/lib/libsmallc.a(lib_a-memcmp.o)
 .debug_line    0x000000000000295f      0x20a /home/tyler/altera/16.0/nios2eds/bin/gnu/H-x86_64-pc-linux-gnu/bin/../lib/gcc/nios2-elf/5.2.0/../../../../../H-x86_64-pc-linux-gnu/nios2-elf/lib/libsmallc.a(lib_a-__atexit.o)
 .debug_line    0x0000000000002b69      0x22f /home/tyler/altera/16.0/nios2eds/bin/gnu/H-x86_64-pc-linux-gnu/bin/../lib/gcc/nios2-elf/5.2.0/../../../../../H-x86_64-pc-linux-gnu/nios2-elf/lib/libsmallc.a(lib_a-__call_atexit.o)
 .debug_line    0x0000000000002d98       0x71 ../test1_bsp//libhal_bsp.a(alt_exit.o)

.debug_frame    0x0000000000000000      0xa4c
 *(.debug_frame)
 .debug_frame   0x0000000000000000       0x2c obj/default/hello_world.o
 .debug_frame   0x000000000000002c       0x48 /home/tyler/altera/16.0/nios2eds/bin/gnu/H-x86_64-pc-linux-gnu/bin/../lib/gcc/nios2-elf/5.2.0/../../../../../H-x86_64-pc-linux-gnu/nios2-elf/lib/libsmallc.a(lib_a-printf.o)
 .debug_frame   0x0000000000000074       0x30 /home/tyler/altera/16.0/nios2eds/bin/gnu/H-x86_64-pc-linux-gnu/bin/../lib/gcc/nios2-elf/5.2.0/../../../../../H-x86_64-pc-linux-gnu/nios2-elf/lib/libsmallc.a(lib_a-putchar.o)
 .debug_frame   0x00000000000000a4       0x8c /home/tyler/altera/16.0/nios2eds/bin/gnu/H-x86_64-pc-linux-gnu/bin/../lib/gcc/nios2-elf/5.2.0/../../../../../H-x86_64-pc-linux-gnu/nios2-elf/lib/libsmallc.a(lib_a-vfprintf.o)
 .debug_frame   0x0000000000000130       0x58 /home/tyler/altera/16.0/nios2eds/bin/gnu/H-x86_64-pc-linux-gnu/bin/../lib/gcc/nios2-elf/5.2.0/../../../../../H-x86_64-pc-linux-gnu/nios2-elf/lib/libsmallc.a(lib_a-fvwrite_small_dev.o)
 .debug_frame   0x0000000000000188       0x50 /home/tyler/altera/16.0/nios2eds/bin/gnu/H-x86_64-pc-linux-gnu/bin/../lib/gcc/nios2-elf/5.2.0/../../../../../H-x86_64-pc-linux-gnu/nios2-elf/lib/libsmallc.a(lib_a-putc.o)
 .debug_frame   0x00000000000001d8       0x20 /home/tyler/altera/16.0/nios2eds/bin/gnu/H-x86_64-pc-linux-gnu/bin/../lib/gcc/nios2-elf/5.2.0/../../../../../H-x86_64-pc-linux-gnu/nios2-elf/lib/libsmallc.a(lib_a-strlen.o)
 .debug_frame   0x00000000000001f8       0x38 /home/tyler/altera/16.0/nios2eds/bin/gnu/H-x86_64-pc-linux-gnu/bin/../lib/gcc/nios2-elf/5.2.0/../../../../../H-x86_64-pc-linux-gnu/nios2-elf/lib/libsmallc.a(lib_a-writer.o)
 .debug_frame   0x0000000000000230       0x50 /home/tyler/altera/16.0/nios2eds/bin/gnu/H-x86_64-pc-linux-gnu/bin/../lib/gcc/nios2-elf/5.2.0/libgcc.a(lib2-divmod.o)
 .debug_frame   0x0000000000000280       0x5c ../test1_bsp//libhal_bsp.a(alt_load.o)
 .debug_frame   0x00000000000002dc       0x2c ../test1_bsp//libhal_bsp.a(alt_main.o)
 .debug_frame   0x0000000000000308       0x38 ../test1_bsp//libhal_bsp.a(alt_usleep.o)
 .debug_frame   0x0000000000000340       0x60 ../test1_bsp//libhal_bsp.a(alt_write.o)
 .debug_frame   0x00000000000003a0       0x88 ../test1_bsp//libhal_bsp.a(alt_sys_init.o)
 .debug_frame   0x0000000000000428       0x60 ../test1_bsp//libhal_bsp.a(altera_avalon_jtag_uart_fd.o)
 .debug_frame   0x0000000000000488       0x34 ../test1_bsp//libhal_bsp.a(altera_avalon_jtag_uart_read.o)
 .debug_frame   0x00000000000004bc       0x34 ../test1_bsp//libhal_bsp.a(altera_avalon_jtag_uart_write.o)
 .debug_frame   0x00000000000004f0       0x38 ../test1_bsp//libhal_bsp.a(alt_busy_sleep.o)
 .debug_frame   0x0000000000000528       0x60 ../test1_bsp//libhal_bsp.a(alt_close.o)
 .debug_frame   0x0000000000000588       0x34 ../test1_bsp//libhal_bsp.a(alt_dcache_flush_all.o)
 .debug_frame   0x00000000000005bc       0x34 ../test1_bsp//libhal_bsp.a(alt_dev.o)
 .debug_frame   0x00000000000005f0       0x60 ../test1_bsp//libhal_bsp.a(alt_dev_llist_insert.o)
 .debug_frame   0x0000000000000650       0x38 ../test1_bsp//libhal_bsp.a(alt_do_ctors.o)
 .debug_frame   0x0000000000000688       0x38 ../test1_bsp//libhal_bsp.a(alt_do_dtors.o)
 .debug_frame   0x00000000000006c0       0x38 ../test1_bsp//libhal_bsp.a(alt_icache_flush_all.o)
 .debug_frame   0x00000000000006f8       0x60 ../test1_bsp//libhal_bsp.a(alt_io_redirect.o)
 .debug_frame   0x0000000000000758       0x84 ../test1_bsp//libhal_bsp.a(alt_open.o)
 .debug_frame   0x00000000000007dc       0x34 ../test1_bsp//libhal_bsp.a(alt_release_fd.o)
 .debug_frame   0x0000000000000810       0x34 ../test1_bsp//libhal_bsp.a(altera_nios2_gen2_irq.o)
 .debug_frame   0x0000000000000844       0x38 ../test1_bsp//libhal_bsp.a(alt_find_dev.o)
 .debug_frame   0x000000000000087c       0x38 ../test1_bsp//libhal_bsp.a(alt_find_file.o)
 .debug_frame   0x00000000000008b4       0x34 ../test1_bsp//libhal_bsp.a(alt_get_fd.o)
 .debug_frame   0x00000000000008e8       0x34 ../test1_bsp//libhal_bsp.a(alt_icache_flush.o)
 .debug_frame   0x000000000000091c       0x20 /home/tyler/altera/16.0/nios2eds/bin/gnu/H-x86_64-pc-linux-gnu/bin/../lib/gcc/nios2-elf/5.2.0/../../../../../H-x86_64-pc-linux-gnu/nios2-elf/lib/libsmallc.a(lib_a-atexit.o)
 .debug_frame   0x000000000000093c       0x28 /home/tyler/altera/16.0/nios2eds/bin/gnu/H-x86_64-pc-linux-gnu/bin/../lib/gcc/nios2-elf/5.2.0/../../../../../H-x86_64-pc-linux-gnu/nios2-elf/lib/libsmallc.a(lib_a-exit.o)
 .debug_frame   0x0000000000000964       0x20 /home/tyler/altera/16.0/nios2eds/bin/gnu/H-x86_64-pc-linux-gnu/bin/../lib/gcc/nios2-elf/5.2.0/../../../../../H-x86_64-pc-linux-gnu/nios2-elf/lib/libsmallc.a(lib_a-memcmp.o)
 .debug_frame   0x0000000000000984       0x48 /home/tyler/altera/16.0/nios2eds/bin/gnu/H-x86_64-pc-linux-gnu/bin/../lib/gcc/nios2-elf/5.2.0/../../../../../H-x86_64-pc-linux-gnu/nios2-elf/lib/libsmallc.a(lib_a-__atexit.o)
 .debug_frame   0x00000000000009cc       0x54 /home/tyler/altera/16.0/nios2eds/bin/gnu/H-x86_64-pc-linux-gnu/bin/../lib/gcc/nios2-elf/5.2.0/../../../../../H-x86_64-pc-linux-gnu/nios2-elf/lib/libsmallc.a(lib_a-__call_atexit.o)
 .debug_frame   0x0000000000000a20       0x2c ../test1_bsp//libhal_bsp.a(alt_exit.o)

.debug_str      0x0000000000000000     0x1706
 *(.debug_str)
 .debug_str     0x0000000000000000       0xe6 obj/default/hello_world.o
                                        0x124 (size before relaxing)
 .debug_str     0x00000000000000e6      0x410 /home/tyler/altera/16.0/nios2eds/bin/gnu/H-x86_64-pc-linux-gnu/bin/../lib/gcc/nios2-elf/5.2.0/../../../../../H-x86_64-pc-linux-gnu/nios2-elf/lib/libsmallc.a(lib_a-printf.o)
                                        0x4eb (size before relaxing)
 .debug_str     0x00000000000004f6       0x55 /home/tyler/altera/16.0/nios2eds/bin/gnu/H-x86_64-pc-linux-gnu/bin/../lib/gcc/nios2-elf/5.2.0/../../../../../H-x86_64-pc-linux-gnu/nios2-elf/lib/libsmallc.a(lib_a-putchar.o)
                                        0x4a8 (size before relaxing)
 .debug_str     0x000000000000054b      0x1f0 /home/tyler/altera/16.0/nios2eds/bin/gnu/H-x86_64-pc-linux-gnu/bin/../lib/gcc/nios2-elf/5.2.0/../../../../../H-x86_64-pc-linux-gnu/nios2-elf/lib/libsmallc.a(lib_a-vfprintf.o)
                                        0x666 (size before relaxing)
 .debug_str     0x000000000000073b       0x75 /home/tyler/altera/16.0/nios2eds/bin/gnu/H-x86_64-pc-linux-gnu/bin/../lib/gcc/nios2-elf/5.2.0/../../../../../H-x86_64-pc-linux-gnu/nios2-elf/lib/libsmallc.a(lib_a-fvwrite_small_dev.o)
                                        0x4bb (size before relaxing)
 .debug_str     0x00000000000007b0       0xe2 /home/tyler/altera/16.0/nios2eds/bin/gnu/H-x86_64-pc-linux-gnu/bin/../lib/gcc/nios2-elf/5.2.0/../../../../../H-x86_64-pc-linux-gnu/nios2-elf/lib/libsmallc.a(lib_a-impure.o)
                                        0x4a5 (size before relaxing)
 .debug_str     0x0000000000000892       0x43 /home/tyler/altera/16.0/nios2eds/bin/gnu/H-x86_64-pc-linux-gnu/bin/../lib/gcc/nios2-elf/5.2.0/../../../../../H-x86_64-pc-linux-gnu/nios2-elf/lib/libsmallc.a(lib_a-putc.o)
                                        0x4b2 (size before relaxing)
 .debug_str     0x00000000000008d5       0xc5 /home/tyler/altera/16.0/nios2eds/bin/gnu/H-x86_64-pc-linux-gnu/bin/../lib/gcc/nios2-elf/5.2.0/../../../../../H-x86_64-pc-linux-gnu/nios2-elf/lib/libsmallc.a(lib_a-strlen.o)
                                        0x1cc (size before relaxing)
 .debug_str     0x000000000000099a       0x42 /home/tyler/altera/16.0/nios2eds/bin/gnu/H-x86_64-pc-linux-gnu/bin/../lib/gcc/nios2-elf/5.2.0/../../../../../H-x86_64-pc-linux-gnu/nios2-elf/lib/libsmallc.a(lib_a-writer.o)
                                        0x49f (size before relaxing)
 .debug_str     0x00000000000009dc       0x3c /home/tyler/altera/16.0/nios2eds/bin/gnu/H-x86_64-pc-linux-gnu/bin/../lib/gcc/nios2-elf/5.2.0/../../../../../H-x86_64-pc-linux-gnu/nios2-elf/lib/libsmallc.a(lib_a-int_errno.o)
                                        0x1bf (size before relaxing)
 .debug_str     0x0000000000000a18      0x16e /home/tyler/altera/16.0/nios2eds/bin/gnu/H-x86_64-pc-linux-gnu/bin/../lib/gcc/nios2-elf/5.2.0/libgcc.a(lib2-divmod.o)
                                        0x1b9 (size before relaxing)
 .debug_str     0x0000000000000b86      0x176 ../test1_bsp//libhal_bsp.a(alt_load.o)
                                        0x214 (size before relaxing)
 .debug_str     0x0000000000000cfc       0x70 ../test1_bsp//libhal_bsp.a(alt_main.o)
                                        0x19f (size before relaxing)
 .debug_str     0x0000000000000d6c       0x27 ../test1_bsp//libhal_bsp.a(alt_usleep.o)
                                        0x14a (size before relaxing)
 .debug_str     0x0000000000000d93      0x166 ../test1_bsp//libhal_bsp.a(alt_write.o)
                                        0x2fa (size before relaxing)
 .debug_str     0x0000000000000ef9      0x105 ../test1_bsp//libhal_bsp.a(alt_sys_init.o)
                                        0x2d6 (size before relaxing)
 .debug_str     0x0000000000000ffe       0x77 ../test1_bsp//libhal_bsp.a(altera_avalon_jtag_uart_fd.o)
                                        0x2d7 (size before relaxing)
 .debug_str     0x0000000000001075       0x48 ../test1_bsp//libhal_bsp.a(altera_avalon_jtag_uart_read.o)
                                        0x221 (size before relaxing)
 .debug_str     0x00000000000010bd       0x4a ../test1_bsp//libhal_bsp.a(altera_avalon_jtag_uart_write.o)
                                        0x217 (size before relaxing)
 .debug_str     0x0000000000001107       0x42 ../test1_bsp//libhal_bsp.a(alt_busy_sleep.o)
                                        0x16d (size before relaxing)
 .debug_str     0x0000000000001149       0x1b ../test1_bsp//libhal_bsp.a(alt_close.o)
                                        0x20d (size before relaxing)
 .debug_str     0x0000000000001164       0x34 ../test1_bsp//libhal_bsp.a(alt_dcache_flush_all.o)
                                        0x157 (size before relaxing)
 .debug_str     0x0000000000001198       0x50 ../test1_bsp//libhal_bsp.a(alt_dev.o)
                                        0x307 (size before relaxing)
 .debug_str     0x00000000000011e8       0x4b ../test1_bsp//libhal_bsp.a(alt_dev_llist_insert.o)
                                        0x1ce (size before relaxing)
 .debug_str     0x0000000000001233       0x48 ../test1_bsp//libhal_bsp.a(alt_do_ctors.o)
                                         0xd2 (size before relaxing)
 .debug_str     0x000000000000127b       0x4c ../test1_bsp//libhal_bsp.a(alt_do_dtors.o)
                                         0xd1 (size before relaxing)
 .debug_str     0x00000000000012c7       0x14 ../test1_bsp//libhal_bsp.a(alt_errno.o)
                                        0x147 (size before relaxing)
 .debug_str     0x00000000000012db       0x34 ../test1_bsp//libhal_bsp.a(alt_icache_flush_all.o)
                                        0x157 (size before relaxing)
 .debug_str     0x000000000000130f       0x56 ../test1_bsp//libhal_bsp.a(alt_io_redirect.o)
                                        0x318 (size before relaxing)
 .debug_str     0x0000000000001365       0x36 ../test1_bsp//libhal_bsp.a(alt_open.o)
                                        0x24d (size before relaxing)
 .debug_str     0x000000000000139b       0x28 ../test1_bsp//libhal_bsp.a(alt_release_fd.o)
                                        0x1d5 (size before relaxing)
 .debug_str     0x00000000000013c3       0x3b ../test1_bsp//libhal_bsp.a(altera_nios2_gen2_irq.o)
                                        0x15e (size before relaxing)
 .debug_str     0x00000000000013fe       0x24 ../test1_bsp//libhal_bsp.a(alt_find_dev.o)
                                        0x1ee (size before relaxing)
 .debug_str     0x0000000000001422       0x26 ../test1_bsp//libhal_bsp.a(alt_find_file.o)
                                        0x1fc (size before relaxing)
 .debug_str     0x0000000000001448       0x30 ../test1_bsp//libhal_bsp.a(alt_get_fd.o)
                                        0x21e (size before relaxing)
 .debug_str     0x0000000000001478       0x2c ../test1_bsp//libhal_bsp.a(alt_icache_flush.o)
                                        0x15d (size before relaxing)
 .debug_str     0x00000000000014a4      0x109 /home/tyler/altera/16.0/nios2eds/bin/gnu/H-x86_64-pc-linux-gnu/bin/../lib/gcc/nios2-elf/5.2.0/../../../../../H-x86_64-pc-linux-gnu/nios2-elf/lib/libsmallc.a(lib_a-atexit.o)
                                        0x203 (size before relaxing)
 .debug_str     0x00000000000015ad       0x49 /home/tyler/altera/16.0/nios2eds/bin/gnu/H-x86_64-pc-linux-gnu/bin/../lib/gcc/nios2-elf/5.2.0/../../../../../H-x86_64-pc-linux-gnu/nios2-elf/lib/libsmallc.a(lib_a-exit.o)
                                        0x1d7 (size before relaxing)
 .debug_str     0x00000000000015f6       0x41 /home/tyler/altera/16.0/nios2eds/bin/gnu/H-x86_64-pc-linux-gnu/bin/../lib/gcc/nios2-elf/5.2.0/../../../../../H-x86_64-pc-linux-gnu/nios2-elf/lib/libsmallc.a(lib_a-memcmp.o)
                                        0x1c6 (size before relaxing)
 .debug_str     0x0000000000001637       0x43 /home/tyler/altera/16.0/nios2eds/bin/gnu/H-x86_64-pc-linux-gnu/bin/../lib/gcc/nios2-elf/5.2.0/../../../../../H-x86_64-pc-linux-gnu/nios2-elf/lib/libsmallc.a(lib_a-__atexit.o)
                                        0x4e6 (size before relaxing)
 .debug_str     0x000000000000167a       0x62 /home/tyler/altera/16.0/nios2eds/bin/gnu/H-x86_64-pc-linux-gnu/bin/../lib/gcc/nios2-elf/5.2.0/../../../../../H-x86_64-pc-linux-gnu/nios2-elf/lib/libsmallc.a(lib_a-__call_atexit.o)
                                        0x4d2 (size before relaxing)
 .debug_str     0x00000000000016dc       0x2a ../test1_bsp//libhal_bsp.a(alt_exit.o)
                                        0x153 (size before relaxing)

.debug_loc      0x0000000000000000     0x1584
 *(.debug_loc)
 .debug_loc     0x0000000000000000       0xc6 /home/tyler/altera/16.0/nios2eds/bin/gnu/H-x86_64-pc-linux-gnu/bin/../lib/gcc/nios2-elf/5.2.0/../../../../../H-x86_64-pc-linux-gnu/nios2-elf/lib/libsmallc.a(lib_a-printf.o)
 .debug_loc     0x00000000000000c6       0x81 /home/tyler/altera/16.0/nios2eds/bin/gnu/H-x86_64-pc-linux-gnu/bin/../lib/gcc/nios2-elf/5.2.0/../../../../../H-x86_64-pc-linux-gnu/nios2-elf/lib/libsmallc.a(lib_a-putchar.o)
 .debug_loc     0x0000000000000147      0x901 /home/tyler/altera/16.0/nios2eds/bin/gnu/H-x86_64-pc-linux-gnu/bin/../lib/gcc/nios2-elf/5.2.0/../../../../../H-x86_64-pc-linux-gnu/nios2-elf/lib/libsmallc.a(lib_a-vfprintf.o)
 .debug_loc     0x0000000000000a48      0x110 /home/tyler/altera/16.0/nios2eds/bin/gnu/H-x86_64-pc-linux-gnu/bin/../lib/gcc/nios2-elf/5.2.0/../../../../../H-x86_64-pc-linux-gnu/nios2-elf/lib/libsmallc.a(lib_a-fvwrite_small_dev.o)
 .debug_loc     0x0000000000000b58       0xc6 /home/tyler/altera/16.0/nios2eds/bin/gnu/H-x86_64-pc-linux-gnu/bin/../lib/gcc/nios2-elf/5.2.0/../../../../../H-x86_64-pc-linux-gnu/nios2-elf/lib/libsmallc.a(lib_a-putc.o)
 .debug_loc     0x0000000000000c1e       0x1e /home/tyler/altera/16.0/nios2eds/bin/gnu/H-x86_64-pc-linux-gnu/bin/../lib/gcc/nios2-elf/5.2.0/../../../../../H-x86_64-pc-linux-gnu/nios2-elf/lib/libsmallc.a(lib_a-strlen.o)
 .debug_loc     0x0000000000000c3c       0xa5 /home/tyler/altera/16.0/nios2eds/bin/gnu/H-x86_64-pc-linux-gnu/bin/../lib/gcc/nios2-elf/5.2.0/../../../../../H-x86_64-pc-linux-gnu/nios2-elf/lib/libsmallc.a(lib_a-writer.o)
 .debug_loc     0x0000000000000ce1      0x4ae /home/tyler/altera/16.0/nios2eds/bin/gnu/H-x86_64-pc-linux-gnu/bin/../lib/gcc/nios2-elf/5.2.0/libgcc.a(lib2-divmod.o)
 .debug_loc     0x000000000000118f       0x2c /home/tyler/altera/16.0/nios2eds/bin/gnu/H-x86_64-pc-linux-gnu/bin/../lib/gcc/nios2-elf/5.2.0/../../../../../H-x86_64-pc-linux-gnu/nios2-elf/lib/libsmallc.a(lib_a-atexit.o)
 .debug_loc     0x00000000000011bb       0x1e /home/tyler/altera/16.0/nios2eds/bin/gnu/H-x86_64-pc-linux-gnu/bin/../lib/gcc/nios2-elf/5.2.0/../../../../../H-x86_64-pc-linux-gnu/nios2-elf/lib/libsmallc.a(lib_a-exit.o)
 .debug_loc     0x00000000000011d9       0x94 /home/tyler/altera/16.0/nios2eds/bin/gnu/H-x86_64-pc-linux-gnu/bin/../lib/gcc/nios2-elf/5.2.0/../../../../../H-x86_64-pc-linux-gnu/nios2-elf/lib/libsmallc.a(lib_a-memcmp.o)
 .debug_loc     0x000000000000126d      0x1c0 /home/tyler/altera/16.0/nios2eds/bin/gnu/H-x86_64-pc-linux-gnu/bin/../lib/gcc/nios2-elf/5.2.0/../../../../../H-x86_64-pc-linux-gnu/nios2-elf/lib/libsmallc.a(lib_a-__atexit.o)
 .debug_loc     0x000000000000142d      0x157 /home/tyler/altera/16.0/nios2eds/bin/gnu/H-x86_64-pc-linux-gnu/bin/../lib/gcc/nios2-elf/5.2.0/../../../../../H-x86_64-pc-linux-gnu/nios2-elf/lib/libsmallc.a(lib_a-__call_atexit.o)

.debug_macinfo
 *(.debug_macinfo)

.debug_weaknames
 *(.debug_weaknames)

.debug_funcnames
 *(.debug_funcnames)

.debug_typenames
 *(.debug_typenames)

.debug_varnames
 *(.debug_varnames)

.debug_alt_sim_info
                0x0000000000000000       0x60
 *(.debug_alt_sim_info)
 .debug_alt_sim_info
                0x0000000000000000       0x30 ../test1_bsp//obj/HAL/src/crt0.o
 .debug_alt_sim_info
                0x0000000000000030       0x30 ../test1_bsp//libhal_bsp.a(alt_busy_sleep.o)
                0x000000001001f400                __alt_data_end = 0x1001f400
                0x000000001001f400                PROVIDE (__alt_stack_pointer, __alt_data_end)
                [!provide]                        PROVIDE (__alt_stack_limit, __alt_stack_base)
                [!provide]                        PROVIDE (__alt_heap_start, end)
                [!provide]                        PROVIDE (__alt_heap_limit, 0x1001f400)
OUTPUT(test1.elf elf32-littlenios2)

.debug_ranges   0x0000000000000000      0x258
 .debug_ranges  0x0000000000000000       0x20 ../test1_bsp//obj/HAL/src/crt0.o
 .debug_ranges  0x0000000000000020       0x18 /home/tyler/altera/16.0/nios2eds/bin/gnu/H-x86_64-pc-linux-gnu/bin/../lib/gcc/nios2-elf/5.2.0/../../../../../H-x86_64-pc-linux-gnu/nios2-elf/lib/libsmallc.a(lib_a-printf.o)
 .debug_ranges  0x0000000000000038       0x18 /home/tyler/altera/16.0/nios2eds/bin/gnu/H-x86_64-pc-linux-gnu/bin/../lib/gcc/nios2-elf/5.2.0/../../../../../H-x86_64-pc-linux-gnu/nios2-elf/lib/libsmallc.a(lib_a-putchar.o)
 .debug_ranges  0x0000000000000050       0xc8 /home/tyler/altera/16.0/nios2eds/bin/gnu/H-x86_64-pc-linux-gnu/bin/../lib/gcc/nios2-elf/5.2.0/../../../../../H-x86_64-pc-linux-gnu/nios2-elf/lib/libsmallc.a(lib_a-vfprintf.o)
 .debug_ranges  0x0000000000000118       0x28 /home/tyler/altera/16.0/nios2eds/bin/gnu/H-x86_64-pc-linux-gnu/bin/../lib/gcc/nios2-elf/5.2.0/../../../../../H-x86_64-pc-linux-gnu/nios2-elf/lib/libsmallc.a(lib_a-fvwrite_small_dev.o)
 .debug_ranges  0x0000000000000140       0x18 /home/tyler/altera/16.0/nios2eds/bin/gnu/H-x86_64-pc-linux-gnu/bin/../lib/gcc/nios2-elf/5.2.0/../../../../../H-x86_64-pc-linux-gnu/nios2-elf/lib/libsmallc.a(lib_a-putc.o)
 .debug_ranges  0x0000000000000158       0x10 /home/tyler/altera/16.0/nios2eds/bin/gnu/H-x86_64-pc-linux-gnu/bin/../lib/gcc/nios2-elf/5.2.0/../../../../../H-x86_64-pc-linux-gnu/nios2-elf/lib/libsmallc.a(lib_a-strlen.o)
 .debug_ranges  0x0000000000000168       0x10 /home/tyler/altera/16.0/nios2eds/bin/gnu/H-x86_64-pc-linux-gnu/bin/../lib/gcc/nios2-elf/5.2.0/../../../../../H-x86_64-pc-linux-gnu/nios2-elf/lib/libsmallc.a(lib_a-writer.o)
 .debug_ranges  0x0000000000000178       0x60 /home/tyler/altera/16.0/nios2eds/bin/gnu/H-x86_64-pc-linux-gnu/bin/../lib/gcc/nios2-elf/5.2.0/libgcc.a(lib2-divmod.o)
 .debug_ranges  0x00000000000001d8       0x18 ../test1_bsp//libhal_bsp.a(altera_avalon_jtag_uart_read.o)
 .debug_ranges  0x00000000000001f0       0x10 /home/tyler/altera/16.0/nios2eds/bin/gnu/H-x86_64-pc-linux-gnu/bin/../lib/gcc/nios2-elf/5.2.0/../../../../../H-x86_64-pc-linux-gnu/nios2-elf/lib/libsmallc.a(lib_a-atexit.o)
 .debug_ranges  0x0000000000000200       0x10 /home/tyler/altera/16.0/nios2eds/bin/gnu/H-x86_64-pc-linux-gnu/bin/../lib/gcc/nios2-elf/5.2.0/../../../../../H-x86_64-pc-linux-gnu/nios2-elf/lib/libsmallc.a(lib_a-exit.o)
 .debug_ranges  0x0000000000000210       0x10 /home/tyler/altera/16.0/nios2eds/bin/gnu/H-x86_64-pc-linux-gnu/bin/../lib/gcc/nios2-elf/5.2.0/../../../../../H-x86_64-pc-linux-gnu/nios2-elf/lib/libsmallc.a(lib_a-memcmp.o)
 .debug_ranges  0x0000000000000220       0x10 /home/tyler/altera/16.0/nios2eds/bin/gnu/H-x86_64-pc-linux-gnu/bin/../lib/gcc/nios2-elf/5.2.0/../../../../../H-x86_64-pc-linux-gnu/nios2-elf/lib/libsmallc.a(lib_a-__atexit.o)
 .debug_ranges  0x0000000000000230       0x28 /home/tyler/altera/16.0/nios2eds/bin/gnu/H-x86_64-pc-linux-gnu/bin/../lib/gcc/nios2-elf/5.2.0/../../../../../H-x86_64-pc-linux-gnu/nios2-elf/lib/libsmallc.a(lib_a-__call_atexit.o)
