------------------------------------------------------------
TimeQuest Timing Analyzer Summary
------------------------------------------------------------

Type  : Slow 1100mV 100C Model Setup 'OSC_TCXO_20M_FPGA'
Slack : -2.401
TNS   : -14.220

Type  : Slow 1100mV 100C Model Setup 'u0|mem_if_ddr3_emif_0|pll0|pll_afi_clk'
Slack : 0.591
TNS   : 0.000

Type  : Slow 1100mV 100C Model Setup 'u0|mem_if_ddr3_emif_0|pll0|pll_afi_phy_clk'
Slack : 0.843
TNS   : 0.000

Type  : Slow 1100mV 100C Model Setup 'u0|mem_if_ddr3_emif_0|pll0|pll_dq_write_clk'
Slack : 0.851
TNS   : 0.000

Type  : Slow 1100mV 100C Model Setup 'u0|mem_if_ddr3_emif_0|pll0|pll_addr_cmd_clk'
Slack : 0.961
TNS   : 0.000

Type  : Slow 1100mV 100C Model Setup 'u0|mem_if_ddr3_emif_0|pll0|pll_write_clk'
Slack : 1.806
TNS   : 0.000

Type  : Slow 1100mV 100C Model Setup 'u0|mem_if_ddr3_emif_0|pll0|pll_avl_clk'
Slack : 2.075
TNS   : 0.000

Type  : Slow 1100mV 100C Model Setup 'altera_reserved_tck'
Slack : 8.697
TNS   : 0.000

Type  : Slow 1100mV 100C Model Setup 'u0|mem_if_ddr3_emif_0|pll0|pll_config_clk'
Slack : 9.635
TNS   : 0.000

Type  : Slow 1100mV 100C Model Hold 'u0|mem_if_ddr3_emif_0|pll0|pll_afi_clk'
Slack : 0.271
TNS   : 0.000

Type  : Slow 1100mV 100C Model Hold 'u0|mem_if_ddr3_emif_0|pll0|pll_config_clk'
Slack : 0.282
TNS   : 0.000

Type  : Slow 1100mV 100C Model Hold 'u0|mem_if_ddr3_emif_0|pll0|pll_addr_cmd_clk'
Slack : 0.284
TNS   : 0.000

Type  : Slow 1100mV 100C Model Hold 'altera_reserved_tck'
Slack : 0.294
TNS   : 0.000

Type  : Slow 1100mV 100C Model Hold 'u0|mem_if_ddr3_emif_0|pll0|pll_avl_clk'
Slack : 0.334
TNS   : 0.000

Type  : Slow 1100mV 100C Model Hold 'OSC_TCXO_20M_FPGA'
Slack : 0.451
TNS   : 0.000

Type  : Slow 1100mV 100C Model Hold 'u0|mem_if_ddr3_emif_0|pll0|pll_dq_write_clk'
Slack : 0.623
TNS   : 0.000

Type  : Slow 1100mV 100C Model Hold 'u0|mem_if_ddr3_emif_0|pll0|pll_write_clk'
Slack : 1.230
TNS   : 0.000

Type  : Slow 1100mV 100C Model Hold 'u0|mem_if_ddr3_emif_0|pll0|pll_afi_phy_clk'
Slack : 1.476
TNS   : 0.000

Type  : Slow 1100mV 100C Model Recovery 'u0|mem_if_ddr3_emif_0|pll0|pll_afi_clk'
Slack : -1.258
TNS   : -54.384

Type  : Slow 1100mV 100C Model Recovery 'u0|mem_if_ddr3_emif_0|pll0|pll_addr_cmd_clk'
Slack : -0.555
TNS   : -8.285

Type  : Slow 1100mV 100C Model Recovery 'u0|mem_if_ddr3_emif_0|pll0|pll_write_clk'
Slack : 1.006
TNS   : 0.000

Type  : Slow 1100mV 100C Model Recovery 'u0|mem_if_ddr3_emif_0|pll0|pll_config_clk'
Slack : 5.446
TNS   : 0.000

Type  : Slow 1100mV 100C Model Recovery 'u0|mem_if_ddr3_emif_0|pll0|pll_avl_clk'
Slack : 5.531
TNS   : 0.000

Type  : Slow 1100mV 100C Model Recovery 'u0|mem_if_ddr3_emif_0|pll0|pll_afi_phy_clk'
Slack : 9.967
TNS   : 0.000

Type  : Slow 1100mV 100C Model Recovery 'altera_reserved_tck'
Slack : 14.873
TNS   : 0.000

Type  : Slow 1100mV 100C Model Recovery 'OSC_TCXO_20M_FPGA'
Slack : 44.347
TNS   : 0.000

Type  : Slow 1100mV 100C Model Removal 'u0|mem_if_ddr3_emif_0|pll0|pll_afi_clk'
Slack : 0.703
TNS   : 0.000

Type  : Slow 1100mV 100C Model Removal 'altera_reserved_tck'
Slack : 0.835
TNS   : 0.000

Type  : Slow 1100mV 100C Model Removal 'u0|mem_if_ddr3_emif_0|pll0|pll_avl_clk'
Slack : 0.963
TNS   : 0.000

Type  : Slow 1100mV 100C Model Removal 'u0|mem_if_ddr3_emif_0|pll0|pll_write_clk'
Slack : 1.127
TNS   : 0.000

Type  : Slow 1100mV 100C Model Removal 'OSC_TCXO_20M_FPGA'
Slack : 1.211
TNS   : 0.000

Type  : Slow 1100mV 100C Model Removal 'u0|mem_if_ddr3_emif_0|pll0|pll_afi_phy_clk'
Slack : 1.262
TNS   : 0.000

Type  : Slow 1100mV 100C Model Removal 'u0|mem_if_ddr3_emif_0|pll0|pll_config_clk'
Slack : 1.415
TNS   : 0.000

Type  : Slow 1100mV 100C Model Removal 'u0|mem_if_ddr3_emif_0|pll0|pll_addr_cmd_clk'
Slack : 1.510
TNS   : 0.000

Type  : Slow 1100mV 100C Model Minimum Pulse Width 'u0|mem_if_ddr3_emif_0|pll0|pll_dq_write_clk'
Slack : 0.961
TNS   : 0.000

Type  : Slow 1100mV 100C Model Minimum Pulse Width 'u0|mem_if_ddr3_emif_0|pll0|pll_write_clk'
Slack : 0.967
TNS   : 0.000

Type  : Slow 1100mV 100C Model Minimum Pulse Width 'u0|mem_if_ddr3_emif_0|pll0|pll_afi_clk'
Slack : 1.947
TNS   : 0.000

Type  : Slow 1100mV 100C Model Minimum Pulse Width 'u0|mem_if_ddr3_emif_0|pll0|pll_addr_cmd_clk'
Slack : 2.455
TNS   : 0.000

Type  : Slow 1100mV 100C Model Minimum Pulse Width 'u0|mem_if_ddr3_emif_0|pll0|pll_afi_phy_clk'
Slack : 2.630
TNS   : 0.000

Type  : Slow 1100mV 100C Model Minimum Pulse Width 'u0|mem_if_ddr3_emif_0|pll0|pll_avl_clk'
Slack : 8.612
TNS   : 0.000

Type  : Slow 1100mV 100C Model Minimum Pulse Width 'altera_reserved_tck'
Slack : 15.390
TNS   : 0.000

Type  : Slow 1100mV 100C Model Minimum Pulse Width 'u0|mem_if_ddr3_emif_0|pll0|pll_config_clk'
Slack : 19.275
TNS   : 0.000

Type  : Slow 1100mV 100C Model Minimum Pulse Width 'OSC_TCXO_20M_FPGA'
Slack : 23.776
TNS   : 0.000

Type  : Slow 1100mV -40C Model Setup 'OSC_TCXO_20M_FPGA'
Slack : -2.399
TNS   : -14.193

Type  : Slow 1100mV -40C Model Setup 'u0|mem_if_ddr3_emif_0|pll0|pll_afi_clk'
Slack : 0.583
TNS   : 0.000

Type  : Slow 1100mV -40C Model Setup 'u0|mem_if_ddr3_emif_0|pll0|pll_dq_write_clk'
Slack : 0.967
TNS   : 0.000

Type  : Slow 1100mV -40C Model Setup 'u0|mem_if_ddr3_emif_0|pll0|pll_addr_cmd_clk'
Slack : 1.063
TNS   : 0.000

Type  : Slow 1100mV -40C Model Setup 'u0|mem_if_ddr3_emif_0|pll0|pll_afi_phy_clk'
Slack : 1.325
TNS   : 0.000

Type  : Slow 1100mV -40C Model Setup 'u0|mem_if_ddr3_emif_0|pll0|pll_avl_clk'
Slack : 2.172
TNS   : 0.000

Type  : Slow 1100mV -40C Model Setup 'u0|mem_if_ddr3_emif_0|pll0|pll_write_clk'
Slack : 2.263
TNS   : 0.000

Type  : Slow 1100mV -40C Model Setup 'altera_reserved_tck'
Slack : 8.851
TNS   : 0.000

Type  : Slow 1100mV -40C Model Setup 'u0|mem_if_ddr3_emif_0|pll0|pll_config_clk'
Slack : 9.533
TNS   : 0.000

Type  : Slow 1100mV -40C Model Hold 'u0|mem_if_ddr3_emif_0|pll0|pll_afi_clk'
Slack : 0.258
TNS   : 0.000

Type  : Slow 1100mV -40C Model Hold 'u0|mem_if_ddr3_emif_0|pll0|pll_addr_cmd_clk'
Slack : 0.266
TNS   : 0.000

Type  : Slow 1100mV -40C Model Hold 'u0|mem_if_ddr3_emif_0|pll0|pll_config_clk'
Slack : 0.268
TNS   : 0.000

Type  : Slow 1100mV -40C Model Hold 'altera_reserved_tck'
Slack : 0.283
TNS   : 0.000

Type  : Slow 1100mV -40C Model Hold 'u0|mem_if_ddr3_emif_0|pll0|pll_avl_clk'
Slack : 0.322
TNS   : 0.000

Type  : Slow 1100mV -40C Model Hold 'OSC_TCXO_20M_FPGA'
Slack : 0.497
TNS   : 0.000

Type  : Slow 1100mV -40C Model Hold 'u0|mem_if_ddr3_emif_0|pll0|pll_dq_write_clk'
Slack : 0.809
TNS   : 0.000

Type  : Slow 1100mV -40C Model Hold 'u0|mem_if_ddr3_emif_0|pll0|pll_write_clk'
Slack : 1.164
TNS   : 0.000

Type  : Slow 1100mV -40C Model Hold 'u0|mem_if_ddr3_emif_0|pll0|pll_afi_phy_clk'
Slack : 1.352
TNS   : 0.000

Type  : Slow 1100mV -40C Model Recovery 'u0|mem_if_ddr3_emif_0|pll0|pll_afi_clk'
Slack : -0.565
TNS   : -23.679

Type  : Slow 1100mV -40C Model Recovery 'u0|mem_if_ddr3_emif_0|pll0|pll_addr_cmd_clk'
Slack : -0.043
TNS   : -0.598

Type  : Slow 1100mV -40C Model Recovery 'u0|mem_if_ddr3_emif_0|pll0|pll_write_clk'
Slack : 1.515
TNS   : 0.000

Type  : Slow 1100mV -40C Model Recovery 'u0|mem_if_ddr3_emif_0|pll0|pll_config_clk'
Slack : 6.093
TNS   : 0.000

Type  : Slow 1100mV -40C Model Recovery 'u0|mem_if_ddr3_emif_0|pll0|pll_avl_clk'
Slack : 6.150
TNS   : 0.000

Type  : Slow 1100mV -40C Model Recovery 'u0|mem_if_ddr3_emif_0|pll0|pll_afi_phy_clk'
Slack : 10.307
TNS   : 0.000

Type  : Slow 1100mV -40C Model Recovery 'altera_reserved_tck'
Slack : 14.994
TNS   : 0.000

Type  : Slow 1100mV -40C Model Recovery 'OSC_TCXO_20M_FPGA'
Slack : 44.601
TNS   : 0.000

Type  : Slow 1100mV -40C Model Removal 'u0|mem_if_ddr3_emif_0|pll0|pll_afi_clk'
Slack : 0.653
TNS   : 0.000

Type  : Slow 1100mV -40C Model Removal 'altera_reserved_tck'
Slack : 0.812
TNS   : 0.000

Type  : Slow 1100mV -40C Model Removal 'u0|mem_if_ddr3_emif_0|pll0|pll_avl_clk'
Slack : 0.926
TNS   : 0.000

Type  : Slow 1100mV -40C Model Removal 'u0|mem_if_ddr3_emif_0|pll0|pll_write_clk'
Slack : 1.042
TNS   : 0.000

Type  : Slow 1100mV -40C Model Removal 'OSC_TCXO_20M_FPGA'
Slack : 1.066
TNS   : 0.000

Type  : Slow 1100mV -40C Model Removal 'u0|mem_if_ddr3_emif_0|pll0|pll_afi_phy_clk'
Slack : 1.172
TNS   : 0.000

Type  : Slow 1100mV -40C Model Removal 'u0|mem_if_ddr3_emif_0|pll0|pll_addr_cmd_clk'
Slack : 1.216
TNS   : 0.000

Type  : Slow 1100mV -40C Model Removal 'u0|mem_if_ddr3_emif_0|pll0|pll_config_clk'
Slack : 1.331
TNS   : 0.000

Type  : Slow 1100mV -40C Model Minimum Pulse Width 'u0|mem_if_ddr3_emif_0|pll0|pll_dq_write_clk'
Slack : 0.958
TNS   : 0.000

Type  : Slow 1100mV -40C Model Minimum Pulse Width 'u0|mem_if_ddr3_emif_0|pll0|pll_write_clk'
Slack : 0.968
TNS   : 0.000

Type  : Slow 1100mV -40C Model Minimum Pulse Width 'u0|mem_if_ddr3_emif_0|pll0|pll_afi_clk'
Slack : 1.912
TNS   : 0.000

Type  : Slow 1100mV -40C Model Minimum Pulse Width 'u0|mem_if_ddr3_emif_0|pll0|pll_addr_cmd_clk'
Slack : 2.378
TNS   : 0.000

Type  : Slow 1100mV -40C Model Minimum Pulse Width 'u0|mem_if_ddr3_emif_0|pll0|pll_afi_phy_clk'
Slack : 2.628
TNS   : 0.000

Type  : Slow 1100mV -40C Model Minimum Pulse Width 'u0|mem_if_ddr3_emif_0|pll0|pll_avl_clk'
Slack : 8.583
TNS   : 0.000

Type  : Slow 1100mV -40C Model Minimum Pulse Width 'altera_reserved_tck'
Slack : 15.412
TNS   : 0.000

Type  : Slow 1100mV -40C Model Minimum Pulse Width 'u0|mem_if_ddr3_emif_0|pll0|pll_config_clk'
Slack : 19.197
TNS   : 0.000

Type  : Slow 1100mV -40C Model Minimum Pulse Width 'OSC_TCXO_20M_FPGA'
Slack : 23.772
TNS   : 0.000

Type  : Fast 1100mV 100C Model Setup 'OSC_TCXO_20M_FPGA'
Slack : 0.417
TNS   : 0.000

Type  : Fast 1100mV 100C Model Setup 'u0|mem_if_ddr3_emif_0|pll0|pll_dq_write_clk'
Slack : 1.771
TNS   : 0.000

Type  : Fast 1100mV 100C Model Setup 'u0|mem_if_ddr3_emif_0|pll0|pll_addr_cmd_clk'
Slack : 2.591
TNS   : 0.000

Type  : Fast 1100mV 100C Model Setup 'u0|mem_if_ddr3_emif_0|pll0|pll_afi_phy_clk'
Slack : 3.268
TNS   : 0.000

Type  : Fast 1100mV 100C Model Setup 'u0|mem_if_ddr3_emif_0|pll0|pll_afi_clk'
Slack : 3.389
TNS   : 0.000

Type  : Fast 1100mV 100C Model Setup 'u0|mem_if_ddr3_emif_0|pll0|pll_write_clk'
Slack : 3.694
TNS   : 0.000

Type  : Fast 1100mV 100C Model Setup 'u0|mem_if_ddr3_emif_0|pll0|pll_avl_clk'
Slack : 4.080
TNS   : 0.000

Type  : Fast 1100mV 100C Model Setup 'altera_reserved_tck'
Slack : 12.581
TNS   : 0.000

Type  : Fast 1100mV 100C Model Setup 'u0|mem_if_ddr3_emif_0|pll0|pll_config_clk'
Slack : 14.653
TNS   : 0.000

Type  : Fast 1100mV 100C Model Hold 'altera_reserved_tck'
Slack : 0.082
TNS   : 0.000

Type  : Fast 1100mV 100C Model Hold 'u0|mem_if_ddr3_emif_0|pll0|pll_afi_clk'
Slack : 0.145
TNS   : 0.000

Type  : Fast 1100mV 100C Model Hold 'u0|mem_if_ddr3_emif_0|pll0|pll_config_clk'
Slack : 0.149
TNS   : 0.000

Type  : Fast 1100mV 100C Model Hold 'u0|mem_if_ddr3_emif_0|pll0|pll_addr_cmd_clk'
Slack : 0.154
TNS   : 0.000

Type  : Fast 1100mV 100C Model Hold 'u0|mem_if_ddr3_emif_0|pll0|pll_avl_clk'
Slack : 0.172
TNS   : 0.000

Type  : Fast 1100mV 100C Model Hold 'OSC_TCXO_20M_FPGA'
Slack : 0.182
TNS   : 0.000

Type  : Fast 1100mV 100C Model Hold 'u0|mem_if_ddr3_emif_0|pll0|pll_dq_write_clk'
Slack : 0.732
TNS   : 0.000

Type  : Fast 1100mV 100C Model Hold 'u0|mem_if_ddr3_emif_0|pll0|pll_afi_phy_clk'
Slack : 0.736
TNS   : 0.000

Type  : Fast 1100mV 100C Model Hold 'u0|mem_if_ddr3_emif_0|pll0|pll_write_clk'
Slack : 0.783
TNS   : 0.000

Type  : Fast 1100mV 100C Model Recovery 'u0|mem_if_ddr3_emif_0|pll0|pll_addr_cmd_clk'
Slack : -0.159
TNS   : -2.376

Type  : Fast 1100mV 100C Model Recovery 'u0|mem_if_ddr3_emif_0|pll0|pll_afi_clk'
Slack : 0.290
TNS   : 0.000

Type  : Fast 1100mV 100C Model Recovery 'u0|mem_if_ddr3_emif_0|pll0|pll_write_clk'
Slack : 3.063
TNS   : 0.000

Type  : Fast 1100mV 100C Model Recovery 'u0|mem_if_ddr3_emif_0|pll0|pll_config_clk'
Slack : 6.932
TNS   : 0.000

Type  : Fast 1100mV 100C Model Recovery 'u0|mem_if_ddr3_emif_0|pll0|pll_avl_clk'
Slack : 6.976
TNS   : 0.000

Type  : Fast 1100mV 100C Model Recovery 'u0|mem_if_ddr3_emif_0|pll0|pll_afi_phy_clk'
Slack : 11.408
TNS   : 0.000

Type  : Fast 1100mV 100C Model Recovery 'altera_reserved_tck'
Slack : 16.106
TNS   : 0.000

Type  : Fast 1100mV 100C Model Recovery 'OSC_TCXO_20M_FPGA'
Slack : 46.532
TNS   : 0.000

Type  : Fast 1100mV 100C Model Removal 'u0|mem_if_ddr3_emif_0|pll0|pll_afi_clk'
Slack : 0.307
TNS   : 0.000

Type  : Fast 1100mV 100C Model Removal 'altera_reserved_tck'
Slack : 0.329
TNS   : 0.000

Type  : Fast 1100mV 100C Model Removal 'u0|mem_if_ddr3_emif_0|pll0|pll_avl_clk'
Slack : 0.453
TNS   : 0.000

Type  : Fast 1100mV 100C Model Removal 'OSC_TCXO_20M_FPGA'
Slack : 0.643
TNS   : 0.000

Type  : Fast 1100mV 100C Model Removal 'u0|mem_if_ddr3_emif_0|pll0|pll_write_clk'
Slack : 0.682
TNS   : 0.000

Type  : Fast 1100mV 100C Model Removal 'u0|mem_if_ddr3_emif_0|pll0|pll_config_clk'
Slack : 0.717
TNS   : 0.000

Type  : Fast 1100mV 100C Model Removal 'u0|mem_if_ddr3_emif_0|pll0|pll_afi_phy_clk'
Slack : 0.764
TNS   : 0.000

Type  : Fast 1100mV 100C Model Removal 'u0|mem_if_ddr3_emif_0|pll0|pll_addr_cmd_clk'
Slack : 0.795
TNS   : 0.000

Type  : Fast 1100mV 100C Model Minimum Pulse Width 'u0|mem_if_ddr3_emif_0|pll0|pll_write_clk'
Slack : 1.307
TNS   : 0.000

Type  : Fast 1100mV 100C Model Minimum Pulse Width 'u0|mem_if_ddr3_emif_0|pll0|pll_dq_write_clk'
Slack : 1.309
TNS   : 0.000

Type  : Fast 1100mV 100C Model Minimum Pulse Width 'u0|mem_if_ddr3_emif_0|pll0|pll_afi_clk'
Slack : 2.230
TNS   : 0.000

Type  : Fast 1100mV 100C Model Minimum Pulse Width 'u0|mem_if_ddr3_emif_0|pll0|pll_addr_cmd_clk'
Slack : 2.884
TNS   : 0.000

Type  : Fast 1100mV 100C Model Minimum Pulse Width 'u0|mem_if_ddr3_emif_0|pll0|pll_afi_phy_clk'
Slack : 2.968
TNS   : 0.000

Type  : Fast 1100mV 100C Model Minimum Pulse Width 'u0|mem_if_ddr3_emif_0|pll0|pll_avl_clk'
Slack : 8.902
TNS   : 0.000

Type  : Fast 1100mV 100C Model Minimum Pulse Width 'altera_reserved_tck'
Slack : 15.182
TNS   : 0.000

Type  : Fast 1100mV 100C Model Minimum Pulse Width 'u0|mem_if_ddr3_emif_0|pll0|pll_config_clk'
Slack : 19.538
TNS   : 0.000

Type  : Fast 1100mV 100C Model Minimum Pulse Width 'OSC_TCXO_20M_FPGA'
Slack : 23.315
TNS   : 0.000

Type  : Fast 1100mV -40C Model Setup 'OSC_TCXO_20M_FPGA'
Slack : 0.548
TNS   : 0.000

Type  : Fast 1100mV -40C Model Setup 'u0|mem_if_ddr3_emif_0|pll0|pll_dq_write_clk'
Slack : 1.812
TNS   : 0.000

Type  : Fast 1100mV -40C Model Setup 'u0|mem_if_ddr3_emif_0|pll0|pll_addr_cmd_clk'
Slack : 2.888
TNS   : 0.000

Type  : Fast 1100mV -40C Model Setup 'u0|mem_if_ddr3_emif_0|pll0|pll_afi_phy_clk'
Slack : 3.797
TNS   : 0.000

Type  : Fast 1100mV -40C Model Setup 'u0|mem_if_ddr3_emif_0|pll0|pll_afi_clk'
Slack : 3.857
TNS   : 0.000

Type  : Fast 1100mV -40C Model Setup 'u0|mem_if_ddr3_emif_0|pll0|pll_write_clk'
Slack : 4.216
TNS   : 0.000

Type  : Fast 1100mV -40C Model Setup 'u0|mem_if_ddr3_emif_0|pll0|pll_avl_clk'
Slack : 4.430
TNS   : 0.000

Type  : Fast 1100mV -40C Model Setup 'altera_reserved_tck'
Slack : 13.219
TNS   : 0.000

Type  : Fast 1100mV -40C Model Setup 'u0|mem_if_ddr3_emif_0|pll0|pll_config_clk'
Slack : 15.391
TNS   : 0.000

Type  : Fast 1100mV -40C Model Hold 'altera_reserved_tck'
Slack : 0.054
TNS   : 0.000

Type  : Fast 1100mV -40C Model Hold 'u0|mem_if_ddr3_emif_0|pll0|pll_afi_clk'
Slack : 0.126
TNS   : 0.000

Type  : Fast 1100mV -40C Model Hold 'u0|mem_if_ddr3_emif_0|pll0|pll_config_clk'
Slack : 0.128
TNS   : 0.000

Type  : Fast 1100mV -40C Model Hold 'u0|mem_if_ddr3_emif_0|pll0|pll_addr_cmd_clk'
Slack : 0.136
TNS   : 0.000

Type  : Fast 1100mV -40C Model Hold 'u0|mem_if_ddr3_emif_0|pll0|pll_avl_clk'
Slack : 0.149
TNS   : 0.000

Type  : Fast 1100mV -40C Model Hold 'OSC_TCXO_20M_FPGA'
Slack : 0.167
TNS   : 0.000

Type  : Fast 1100mV -40C Model Hold 'u0|mem_if_ddr3_emif_0|pll0|pll_write_clk'
Slack : 0.643
TNS   : 0.000

Type  : Fast 1100mV -40C Model Hold 'u0|mem_if_ddr3_emif_0|pll0|pll_afi_phy_clk'
Slack : 0.660
TNS   : 0.000

Type  : Fast 1100mV -40C Model Hold 'u0|mem_if_ddr3_emif_0|pll0|pll_dq_write_clk'
Slack : 0.746
TNS   : 0.000

Type  : Fast 1100mV -40C Model Recovery 'u0|mem_if_ddr3_emif_0|pll0|pll_addr_cmd_clk'
Slack : 0.379
TNS   : 0.000

Type  : Fast 1100mV -40C Model Recovery 'u0|mem_if_ddr3_emif_0|pll0|pll_afi_clk'
Slack : 1.146
TNS   : 0.000

Type  : Fast 1100mV -40C Model Recovery 'u0|mem_if_ddr3_emif_0|pll0|pll_write_clk'
Slack : 3.738
TNS   : 0.000

Type  : Fast 1100mV -40C Model Recovery 'u0|mem_if_ddr3_emif_0|pll0|pll_config_clk'
Slack : 7.793
TNS   : 0.000

Type  : Fast 1100mV -40C Model Recovery 'u0|mem_if_ddr3_emif_0|pll0|pll_avl_clk'
Slack : 7.815
TNS   : 0.000

Type  : Fast 1100mV -40C Model Recovery 'u0|mem_if_ddr3_emif_0|pll0|pll_afi_phy_clk'
Slack : 11.704
TNS   : 0.000

Type  : Fast 1100mV -40C Model Recovery 'altera_reserved_tck'
Slack : 16.206
TNS   : 0.000

Type  : Fast 1100mV -40C Model Recovery 'OSC_TCXO_20M_FPGA'
Slack : 47.153
TNS   : 0.000

Type  : Fast 1100mV -40C Model Removal 'u0|mem_if_ddr3_emif_0|pll0|pll_afi_clk'
Slack : 0.265
TNS   : 0.000

Type  : Fast 1100mV -40C Model Removal 'altera_reserved_tck'
Slack : 0.273
TNS   : 0.000

Type  : Fast 1100mV -40C Model Removal 'u0|mem_if_ddr3_emif_0|pll0|pll_avl_clk'
Slack : 0.391
TNS   : 0.000

Type  : Fast 1100mV -40C Model Removal 'OSC_TCXO_20M_FPGA'
Slack : 0.479
TNS   : 0.000

Type  : Fast 1100mV -40C Model Removal 'u0|mem_if_ddr3_emif_0|pll0|pll_write_clk'
Slack : 0.549
TNS   : 0.000

Type  : Fast 1100mV -40C Model Removal 'u0|mem_if_ddr3_emif_0|pll0|pll_config_clk'
Slack : 0.604
TNS   : 0.000

Type  : Fast 1100mV -40C Model Removal 'u0|mem_if_ddr3_emif_0|pll0|pll_afi_phy_clk'
Slack : 0.609
TNS   : 0.000

Type  : Fast 1100mV -40C Model Removal 'u0|mem_if_ddr3_emif_0|pll0|pll_addr_cmd_clk'
Slack : 0.660
TNS   : 0.000

Type  : Fast 1100mV -40C Model Minimum Pulse Width 'u0|mem_if_ddr3_emif_0|pll0|pll_write_clk'
Slack : 1.304
TNS   : 0.000

Type  : Fast 1100mV -40C Model Minimum Pulse Width 'u0|mem_if_ddr3_emif_0|pll0|pll_dq_write_clk'
Slack : 1.309
TNS   : 0.000

Type  : Fast 1100mV -40C Model Minimum Pulse Width 'u0|mem_if_ddr3_emif_0|pll0|pll_afi_clk'
Slack : 2.226
TNS   : 0.000

Type  : Fast 1100mV -40C Model Minimum Pulse Width 'u0|mem_if_ddr3_emif_0|pll0|pll_addr_cmd_clk'
Slack : 2.869
TNS   : 0.000

Type  : Fast 1100mV -40C Model Minimum Pulse Width 'u0|mem_if_ddr3_emif_0|pll0|pll_afi_phy_clk'
Slack : 2.969
TNS   : 0.000

Type  : Fast 1100mV -40C Model Minimum Pulse Width 'u0|mem_if_ddr3_emif_0|pll0|pll_avl_clk'
Slack : 8.899
TNS   : 0.000

Type  : Fast 1100mV -40C Model Minimum Pulse Width 'altera_reserved_tck'
Slack : 15.206
TNS   : 0.000

Type  : Fast 1100mV -40C Model Minimum Pulse Width 'u0|mem_if_ddr3_emif_0|pll0|pll_config_clk'
Slack : 19.545
TNS   : 0.000

Type  : Fast 1100mV -40C Model Minimum Pulse Width 'OSC_TCXO_20M_FPGA'
Slack : 23.251
TNS   : 0.000

------------------------------------------------------------
Info: see the "DDR report" for DDR timing results
------------------------------------------------------------
------------------------------------------------------------
